This is LuaHBTeX, Version 1.18.0 (TeX Live 2024)  (format=lualatex 2025.3.2)  12 APR 2026 11:59
 restricted system commands enabled.
**proposal.tex
(./proposal.tex
LaTeX2e <2023-11-01> patch level 1
L3 programming layer <2024-02-20>
Lua module: luaotfload 2024-02-14 3.28 Lua based OpenType font support
Lua module: lualibs 2023-07-13 2.76 ConTeXt Lua standard libraries.
Lua module: lualibs-extended 2023-07-13 2.76 ConTeXt Lua libraries -- extended c
ollection.
luaotfload | conf : Root cache directory is "/Users/xuborong/Library/texlive/202
4/texmf-var/luatex-cache/generic/names".
luaotfload | init : Loading fontloader "fontloader-2023-12-28.lua" from kpse-res
olved path "/usr/local/texlive/2024/texmf-dist/tex/luatex/luaotfload/fontloader-
2023-12-28.lua".
Lua-only attribute luaotfload@noligature = 1
luaotfload | init : Context OpenType loader version 3.134
Inserting `luaotfload.node_processor' in `pre_linebreak_filter'.
Inserting `luaotfload.node_processor' in `hpack_filter'.
Inserting `luaotfload.glyph_stream' in `glyph_stream_provider'.
Inserting `luaotfload.define_font' in `define_font'.
Lua-only attribute luaotfload_color_attribute = 2
luaotfload | conf : Root cache directory is "/Users/xuborong/Library/texlive/202
4/texmf-var/luatex-cache/generic/names".
Inserting `luaotfload.harf.strip_prefix' in `find_opentype_file'.
Inserting `luaotfload.harf.strip_prefix' in `find_truetype_file'.
Removing  `luaotfload.glyph_stream' from `glyph_stream_provider'.
Inserting `luaotfload.harf.glyphstream' in `glyph_stream_provider'.
Inserting `luaotfload.harf.finalize_vlist' in `post_linebreak_filter'.
Inserting `luaotfload.harf.finalize_hlist' in `hpack_filter'.
Inserting `luaotfload.cleanup_files' in `wrapup_run'.
Inserting `luaotfload.harf.finalize_unicode' in `finish_pdffile'.
Inserting `luaotfload.glyphinfo' in `glyph_info'.
Lua-only attribute luaotfload.letterspace_done = 3
Inserting `luaotfload.aux.set_sscale_dimens' in `luaotfload.patch_font'.
Inserting `luaotfload.aux.set_font_index' in `luaotfload.patch_font'.
Inserting `luaotfload.aux.patch_cambria_domh' in `luaotfload.patch_font'.
Inserting `luaotfload.aux.fixup_fontdata' in `luaotfload.patch_font_unsafe'.
Inserting `luaotfload.aux.set_capheight' in `luaotfload.patch_font'.
Inserting `luaotfload.aux.set_xheight' in `luaotfload.patch_font'.
Inserting `luaotfload.rewrite_fontname' in `luaotfload.patch_font'.
Inserting `tracingstacklevels' in `input_level_string'. (/usr/local/texlive/202
4/texmf-dist/tex/latex/base/article.cls
Document Class: article 2023/05/17 v1.4n Standard LaTeX document class
(/usr/local/texlive/2024/texmf-dist/tex/latex/base/size11.clo
File: size11.clo 2023/05/17 v1.4n Standard LaTeX file (size option)
luaotfload | db : Font names database loaded from /Users/xuborong/Library/texliv
e/2024/texmf-var/luatex-cache/generic/names/luaotfload-names.luc.gz)
\c@part=\count186
\c@section=\count187
\c@subsection=\count188
\c@subsubsection=\count189
\c@paragraph=\count190
\c@subparagraph=\count191
\c@figure=\count192
\c@table=\count193
\abovecaptionskip=\skip48
\belowcaptionskip=\skip49
\bibindent=\dimen139
)
(/usr/local/texlive/2024/texmf-dist/tex/latex/tools/tabularx.sty
Package: tabularx 2023/07/08 v2.11c `tabularx' package (DPC)

(/usr/local/texlive/2024/texmf-dist/tex/latex/tools/array.sty
Package: array 2023/10/16 v2.5g Tabular extension package (FMi)
\col@sep=\dimen140
\ar@mcellbox=\box51
\extrarowheight=\dimen141
\NC@list=\toks17
\extratabsurround=\skip50
\backup@length=\skip51
\ar@cellbox=\box52
)
\TX@col@width=\dimen142
\TX@old@table=\dimen143
\TX@old@col=\dimen144
\TX@target=\dimen145
\TX@delta=\dimen146
\TX@cols=\count194
\TX@ftn=\toks18
)
(/usr/local/texlive/2024/texmf-dist/tex/latex/graphics/graphicx.sty
Package: graphicx 2021/09/16 v1.2d Enhanced LaTeX Graphics (DPC,SPQR)

(/usr/local/texlive/2024/texmf-dist/tex/latex/graphics/keyval.sty
Package: keyval 2022/05/29 v1.15 key=value parser (DPC)
\KV@toks@=\toks19
)
(/usr/local/texlive/2024/texmf-dist/tex/latex/graphics/graphics.sty
Package: graphics 2022/03/10 v1.4e Standard LaTeX Graphics (DPC,SPQR)

(/usr/local/texlive/2024/texmf-dist/tex/latex/graphics/trig.sty
Package: trig 2021/08/11 v1.11 sin cos tan (DPC)
)
(/usr/local/texlive/2024/texmf-dist/tex/latex/graphics-cfg/graphics.cfg
File: graphics.cfg 2016/06/04 v1.11 sample graphics configuration
)
Package graphics Info: Driver file: luatex.def on input line 107.

(/usr/local/texlive/2024/texmf-dist/tex/latex/graphics-def/luatex.def
File: luatex.def 2022/09/22 v1.2d Graphics/color driver for luatex
))
\Gin@req@height=\dimen147
\Gin@req@width=\dimen148
)
(/usr/local/texlive/2024/texmf-dist/tex/latex/tools/longtable.sty
Package: longtable 2023-11-01 v4.19 Multi-page Table package (DPC)
\LTleft=\skip52
\LTright=\skip53
\LTpre=\skip54
\LTpost=\skip55
\LTchunksize=\count195
\LTcapwidth=\dimen149
\LT@head=\box53
\LT@firsthead=\box54
\LT@foot=\box55
\LT@lastfoot=\box56
\LT@gbox=\box57
\LT@cols=\count196
\LT@rows=\count197
\c@LT@tables=\count198
\c@LT@chunks=\count199
\LT@p@ftn=\toks20
)
(/usr/local/texlive/2024/texmf-dist/tex/latex/float/float.sty
Package: float 2001/11/08 v1.3d Float enhancements (AL)
\c@float@type=\count266
\float@exts=\toks21
\float@box=\box58
\@float@everytoks=\toks22
\@floatcapt=\box59
)
(/usr/local/texlive/2024/texmf-dist/tex/latex/amsfonts/amssymb.sty
Package: amssymb 2013/01/14 v3.01 AMS font symbols

(/usr/local/texlive/2024/texmf-dist/tex/latex/amsfonts/amsfonts.sty
Package: amsfonts 2013/01/14 v3.01 Basic AMSFonts support
\@emptytoks=\toks23
\symAMSa=\mathgroup4
\symAMSb=\mathgroup5
LaTeX Font Info:    Redeclaring math symbol \hbar on input line 98.
LaTeX Font Info:    Overwriting math alphabet `\mathfrak' in version `bold'
(Font)                  U/euf/m/n --> U/euf/b/n on input line 106.
))
(/usr/local/texlive/2024/texmf-dist/tex/latex/amsmath/amsmath.sty
Package: amsmath 2023/05/13 v2.17o AMS math features
\@mathmargin=\skip56

For additional information on amsmath, use the `?' option.
(/usr/local/texlive/2024/texmf-dist/tex/latex/amsmath/amstext.sty
Package: amstext 2021/08/26 v2.01 AMS text

(/usr/local/texlive/2024/texmf-dist/tex/latex/amsmath/amsgen.sty
File: amsgen.sty 1999/11/30 v2.0 generic functions
\@emptytoks=\toks24
\ex@=\dimen150
))
(/usr/local/texlive/2024/texmf-dist/tex/latex/amsmath/amsbsy.sty
Package: amsbsy 1999/11/29 v1.2d Bold Symbols
\pmbraise@=\dimen151
)
(/usr/local/texlive/2024/texmf-dist/tex/latex/amsmath/amsopn.sty
Package: amsopn 2022/04/08 v2.04 operator names
)
\inf@bad=\count267
LaTeX Info: Redefining \frac on input line 236.
\uproot@=\count268
\leftroot@=\count269
LaTeX Info: Redefining \overline on input line 399.
LaTeX Info: Redefining \colon on input line 410.
\classnum@=\count270
\DOTSCASE@=\count271
LaTeX Info: Redefining \ldots on input line 496.
LaTeX Info: Redefining \dots on input line 499.
LaTeX Info: Redefining \cdots on input line 620.
\Mathstrutbox@=\box60
\strutbox@=\box61
LaTeX Info: Redefining \big on input line 722.
LaTeX Info: Redefining \Big on input line 723.
LaTeX Info: Redefining \bigg on input line 724.
LaTeX Info: Redefining \Bigg on input line 725.
\big@size=\dimen152
LaTeX Font Info:    Redeclaring font encoding OML on input line 743.
LaTeX Font Info:    Redeclaring font encoding OMS on input line 744.
\macc@depth=\count272
LaTeX Info: Redefining \bmod on input line 905.
LaTeX Info: Redefining \pmod on input line 910.
LaTeX Info: Redefining \smash on input line 940.
LaTeX Info: Redefining \relbar on input line 970.
LaTeX Info: Redefining \Relbar on input line 971.
\c@MaxMatrixCols=\count273
\dotsspace@=\muskip16
\c@parentequation=\count274
\dspbrk@lvl=\count275
\tag@help=\toks25
\row@=\count276
\column@=\count277
\maxfields@=\count278
\andhelp@=\toks26
\eqnshift@=\dimen153
\alignsep@=\dimen154
\tagshift@=\dimen155
\tagwidth@=\dimen156
\totwidth@=\dimen157
\lineht@=\dimen158
\@envbody=\toks27
\multlinegap=\skip57
\multlinetaggap=\skip58
\mathdisplay@stack=\toks28
LaTeX Info: Redefining \[ on input line 2953.
LaTeX Info: Redefining \] on input line 2954.
)
(/usr/local/texlive/2024/texmf-dist/tex/latex/titlesec/titlesec.sty
Package: titlesec 2023/10/27 v2.16 Sectioning titles
\ttl@box=\box62
\beforetitleunit=\skip59
\aftertitleunit=\skip60
\ttl@plus=\dimen159
\ttl@minus=\dimen160
\ttl@toksa=\toks29
\titlewidth=\dimen161
\titlewidthlast=\dimen162
\titlewidthfirst=\dimen163
)
(/usr/local/texlive/2024/texmf-dist/tex/latex/tocloft/tocloft.sty
Package: tocloft 2017/08/31 v2.3i parameterised ToC, etc., typesetting
Package tocloft Info: The document has section divisions on input line 51.
\cftparskip=\skip61
\cftbeforetoctitleskip=\skip62
\cftaftertoctitleskip=\skip63
\cftbeforepartskip=\skip64
\cftpartnumwidth=\skip65
\cftpartindent=\skip66
\cftbeforesecskip=\skip67
\cftsecindent=\skip68
\cftsecnumwidth=\skip69
\cftbeforesubsecskip=\skip70
\cftsubsecindent=\skip71
\cftsubsecnumwidth=\skip72
\cftbeforesubsubsecskip=\skip73
\cftsubsubsecindent=\skip74
\cftsubsubsecnumwidth=\skip75
\cftbeforeparaskip=\skip76
\cftparaindent=\skip77
\cftparanumwidth=\skip78
\cftbeforesubparaskip=\skip79
\cftsubparaindent=\skip80
\cftsubparanumwidth=\skip81
\cftbeforeloftitleskip=\skip82
\cftafterloftitleskip=\skip83
\cftbeforefigskip=\skip84
\cftfigindent=\skip85
\cftfignumwidth=\skip86
\c@lofdepth=\count279
\c@lotdepth=\count280
\cftbeforelottitleskip=\skip87
\cftafterlottitleskip=\skip88
\cftbeforetabskip=\skip89
\cfttabindent=\skip90
\cfttabnumwidth=\skip91
)
(/usr/local/texlive/2024/texmf-dist/tex/latex/adjustbox/adjustbox.sty
Package: adjustbox 2022/10/17 v1.3a Adjusting TeX boxes (trim, clip, ...)

(/usr/local/texlive/2024/texmf-dist/tex/latex/xkeyval/xkeyval.sty
Package: xkeyval 2022/06/16 v2.9 package option processing (HA)

(/usr/local/texlive/2024/texmf-dist/tex/generic/xkeyval/xkeyval.tex
(/usr/local/texlive/2024/texmf-dist/tex/generic/xkeyval/xkvutils.tex
\XKV@toks=\toks30
\XKV@tempa@toks=\toks31
)
\XKV@depth=\count281
File: xkeyval.tex 2014/12/03 v2.7a key=value parser (HA)
))
(/usr/local/texlive/2024/texmf-dist/tex/latex/adjustbox/adjcalc.sty
Package: adjcalc 2012/05/16 v1.1 Provides advanced setlength with multiple back
-ends (calc, etex, pgfmath)
)
(/usr/local/texlive/2024/texmf-dist/tex/latex/adjustbox/trimclip.sty
Package: trimclip 2020/08/19 v1.2 Trim and clip general TeX material

(/usr/local/texlive/2024/texmf-dist/tex/latex/collectbox/collectbox.sty
Package: collectbox 2022/10/17 v0.4c Collect macro arguments as boxes
\collectedbox=\box63
)
\tc@llx=\dimen164
\tc@lly=\dimen165
\tc@urx=\dimen166
\tc@ury=\dimen167

(/usr/local/texlive/2024/texmf-dist/tex/latex/adjustbox/tc-pgf.def
File: tc-pgf.def 2019/01/04 v2.2 trimclip fall-back clipping driver using PGF

(/usr/local/texlive/2024/texmf-dist/tex/latex/pgf/basiclayer/pgf.sty
(/usr/local/texlive/2024/texmf-dist/tex/latex/pgf/utilities/pgfrcs.sty
(/usr/local/texlive/2024/texmf-dist/tex/generic/pgf/utilities/pgfutil-common.te
x
\pgfutil@everybye=\toks32
\pgfutil@tempdima=\dimen168
\pgfutil@tempdimb=\dimen169
)
(/usr/local/texlive/2024/texmf-dist/tex/generic/pgf/utilities/pgfutil-latex.def
\pgfutil@abb=\box64
) (/usr/local/texlive/2024/texmf-dist/tex/generic/pgf/utilities/pgfrcs.code.tex
(/usr/local/texlive/2024/texmf-dist/tex/generic/pgf/pgf.revision.tex)
Package: pgfrcs 2023-01-15 v3.1.10 (3.1.10)
))
Package: pgf 2023-01-15 v3.1.10 (3.1.10)

(/usr/local/texlive/2024/texmf-dist/tex/latex/pgf/basiclayer/pgfcore.sty
(/usr/local/texlive/2024/texmf-dist/tex/latex/pgf/systemlayer/pgfsys.sty
(/usr/local/texlive/2024/texmf-dist/tex/generic/pgf/systemlayer/pgfsys.code.tex
Package: pgfsys 2023-01-15 v3.1.10 (3.1.10)
(/usr/local/texlive/2024/texmf-dist/tex/generic/pgf/utilities/pgfkeys.code.tex
\pgfkeys@pathtoks=\toks33
\pgfkeys@temptoks=\toks34

(/usr/local/texlive/2024/texmf-dist/tex/generic/pgf/utilities/pgfkeyslibraryfil
tered.code.tex
\pgfkeys@tmptoks=\toks35
))
\pgf@x=\dimen170
\pgf@y=\dimen171
\pgf@xa=\dimen172
\pgf@ya=\dimen173
\pgf@xb=\dimen174
\pgf@yb=\dimen175
\pgf@xc=\dimen176
\pgf@yc=\dimen177
\pgf@xd=\dimen178
\pgf@yd=\dimen179
\w@pgf@writea=\write3
\r@pgf@reada=\read2
\c@pgf@counta=\count282
\c@pgf@countb=\count283
\c@pgf@countc=\count284
\c@pgf@countd=\count285
\t@pgf@toka=\toks36
\t@pgf@tokb=\toks37
\t@pgf@tokc=\toks38
\pgf@sys@id@count=\count286

(/usr/local/texlive/2024/texmf-dist/tex/generic/pgf/systemlayer/pgf.cfg
File: pgf.cfg 2023-01-15 v3.1.10 (3.1.10)
)
Driver file for pgf: pgfsys-luatex.def

(/usr/local/texlive/2024/texmf-dist/tex/generic/pgf/systemlayer/pgfsys-luatex.d
ef
File: pgfsys-luatex.def 2023-01-15 v3.1.10 (3.1.10)

(/usr/local/texlive/2024/texmf-dist/tex/generic/pgf/systemlayer/pgfsys-common-p
df.def
File: pgfsys-common-pdf.def 2023-01-15 v3.1.10 (3.1.10)
)))
(/usr/local/texlive/2024/texmf-dist/tex/generic/pgf/systemlayer/pgfsyssoftpath.
code.tex
File: pgfsyssoftpath.code.tex 2023-01-15 v3.1.10 (3.1.10)
\pgfsyssoftpath@smallbuffer@items=\count287
\pgfsyssoftpath@bigbuffer@items=\count288
)
(/usr/local/texlive/2024/texmf-dist/tex/generic/pgf/systemlayer/pgfsysprotocol.
code.tex
File: pgfsysprotocol.code.tex 2023-01-15 v3.1.10 (3.1.10)
)) (/usr/local/texlive/2024/texmf-dist/tex/latex/xcolor/xcolor.sty
Package: xcolor 2023/11/15 v3.01 LaTeX color extensions (UK)

(/usr/local/texlive/2024/texmf-dist/tex/latex/graphics-cfg/color.cfg
File: color.cfg 2016/01/02 v1.6 sample color configuration
)
Package xcolor Info: Driver file: luatex.def on input line 274.

(/usr/local/texlive/2024/texmf-dist/tex/latex/graphics/mathcolor.ltx)
Package xcolor Info: Model `cmy' substituted by `cmy0' on input line 1350.
Package xcolor Info: Model `hsb' substituted by `rgb' on input line 1354.
Package xcolor Info: Model `RGB' extended on input line 1366.
Package xcolor Info: Model `HTML' substituted by `rgb' on input line 1368.
Package xcolor Info: Model `Hsb' substituted by `hsb' on input line 1369.
Package xcolor Info: Model `tHsb' substituted by `hsb' on input line 1370.
Package xcolor Info: Model `HSB' substituted by `hsb' on input line 1371.
Package xcolor Info: Model `Gray' substituted by `gray' on input line 1372.
Package xcolor Info: Model `wave' substituted by `hsb' on input line 1373.
)
(/usr/local/texlive/2024/texmf-dist/tex/generic/pgf/basiclayer/pgfcore.code.tex
Package: pgfcore 2023-01-15 v3.1.10 (3.1.10)
(/usr/local/texlive/2024/texmf-dist/tex/generic/pgf/math/pgfmath.code.tex
(/usr/local/texlive/2024/texmf-dist/tex/generic/pgf/math/pgfmathutil.code.tex)
(/usr/local/texlive/2024/texmf-dist/tex/generic/pgf/math/pgfmathparser.code.tex
\pgfmath@dimen=\dimen180
\pgfmath@count=\count289
\pgfmath@box=\box65
\pgfmath@toks=\toks39
\pgfmath@stack@operand=\toks40
\pgfmath@stack@operation=\toks41
)
(/usr/local/texlive/2024/texmf-dist/tex/generic/pgf/math/pgfmathfunctions.code.
tex)
(/usr/local/texlive/2024/texmf-dist/tex/generic/pgf/math/pgfmathfunctions.basic
.code.tex)
(/usr/local/texlive/2024/texmf-dist/tex/generic/pgf/math/pgfmathfunctions.trigo
nometric.code.tex)
(/usr/local/texlive/2024/texmf-dist/tex/generic/pgf/math/pgfmathfunctions.rando
m.code.tex)
(/usr/local/texlive/2024/texmf-dist/tex/generic/pgf/math/pgfmathfunctions.compa
rison.code.tex)
(/usr/local/texlive/2024/texmf-dist/tex/generic/pgf/math/pgfmathfunctions.base.
code.tex)
(/usr/local/texlive/2024/texmf-dist/tex/generic/pgf/math/pgfmathfunctions.round
.code.tex)
(/usr/local/texlive/2024/texmf-dist/tex/generic/pgf/math/pgfmathfunctions.misc.
code.tex)
(/usr/local/texlive/2024/texmf-dist/tex/generic/pgf/math/pgfmathfunctions.integ
erarithmetics.code.tex)
(/usr/local/texlive/2024/texmf-dist/tex/generic/pgf/math/pgfmathcalc.code.tex)
(/usr/local/texlive/2024/texmf-dist/tex/generic/pgf/math/pgfmathfloat.code.tex
\c@pgfmathroundto@lastzeros=\count290
)) (/usr/local/texlive/2024/texmf-dist/tex/generic/pgf/math/pgfint.code.tex)
(/usr/local/texlive/2024/texmf-dist/tex/generic/pgf/basiclayer/pgfcorepoints.co
de.tex
File: pgfcorepoints.code.tex 2023-01-15 v3.1.10 (3.1.10)
\pgf@picminx=\dimen181
\pgf@picmaxx=\dimen182
\pgf@picminy=\dimen183
\pgf@picmaxy=\dimen184
\pgf@pathminx=\dimen185
\pgf@pathmaxx=\dimen186
\pgf@pathminy=\dimen187
\pgf@pathmaxy=\dimen188
\pgf@xx=\dimen189
\pgf@xy=\dimen190
\pgf@yx=\dimen191
\pgf@yy=\dimen192
\pgf@zx=\dimen193
\pgf@zy=\dimen194
)
(/usr/local/texlive/2024/texmf-dist/tex/generic/pgf/basiclayer/pgfcorepathconst
ruct.code.tex
File: pgfcorepathconstruct.code.tex 2023-01-15 v3.1.10 (3.1.10)
\pgf@path@lastx=\dimen195
\pgf@path@lasty=\dimen196
)
(/usr/local/texlive/2024/texmf-dist/tex/generic/pgf/basiclayer/pgfcorepathusage
.code.tex
File: pgfcorepathusage.code.tex 2023-01-15 v3.1.10 (3.1.10)
\pgf@shorten@end@additional=\dimen197
\pgf@shorten@start@additional=\dimen198
)
(/usr/local/texlive/2024/texmf-dist/tex/generic/pgf/basiclayer/pgfcorescopes.co
de.tex
File: pgfcorescopes.code.tex 2023-01-15 v3.1.10 (3.1.10)
\pgfpic=\box66
\pgf@hbox=\box67
\pgf@layerbox@main=\box68
\pgf@picture@serial@count=\count291
)
(/usr/local/texlive/2024/texmf-dist/tex/generic/pgf/basiclayer/pgfcoregraphicst
ate.code.tex
File: pgfcoregraphicstate.code.tex 2023-01-15 v3.1.10 (3.1.10)
\pgflinewidth=\dimen199
)
(/usr/local/texlive/2024/texmf-dist/tex/generic/pgf/basiclayer/pgfcoretransform
ations.code.tex
File: pgfcoretransformations.code.tex 2023-01-15 v3.1.10 (3.1.10)
\pgf@pt@x=\dimen256
\pgf@pt@y=\dimen257
\pgf@pt@temp=\dimen258
)
(/usr/local/texlive/2024/texmf-dist/tex/generic/pgf/basiclayer/pgfcorequick.cod
e.tex
File: pgfcorequick.code.tex 2023-01-15 v3.1.10 (3.1.10)
)
(/usr/local/texlive/2024/texmf-dist/tex/generic/pgf/basiclayer/pgfcoreobjects.c
ode.tex
File: pgfcoreobjects.code.tex 2023-01-15 v3.1.10 (3.1.10)
)
(/usr/local/texlive/2024/texmf-dist/tex/generic/pgf/basiclayer/pgfcorepathproce
ssing.code.tex
File: pgfcorepathprocessing.code.tex 2023-01-15 v3.1.10 (3.1.10)
)
(/usr/local/texlive/2024/texmf-dist/tex/generic/pgf/basiclayer/pgfcorearrows.co
de.tex
File: pgfcorearrows.code.tex 2023-01-15 v3.1.10 (3.1.10)
\pgfarrowsep=\dimen259
)
(/usr/local/texlive/2024/texmf-dist/tex/generic/pgf/basiclayer/pgfcoreshade.cod
e.tex
File: pgfcoreshade.code.tex 2023-01-15 v3.1.10 (3.1.10)
\pgf@max=\dimen260
\pgf@sys@shading@range@num=\count292
\pgf@shadingcount=\count293
)
(/usr/local/texlive/2024/texmf-dist/tex/generic/pgf/basiclayer/pgfcoreimage.cod
e.tex
File: pgfcoreimage.code.tex 2023-01-15 v3.1.10 (3.1.10)
)
(/usr/local/texlive/2024/texmf-dist/tex/generic/pgf/basiclayer/pgfcoreexternal.
code.tex
File: pgfcoreexternal.code.tex 2023-01-15 v3.1.10 (3.1.10)
\pgfexternal@startupbox=\box69
)
(/usr/local/texlive/2024/texmf-dist/tex/generic/pgf/basiclayer/pgfcorelayers.co
de.tex
File: pgfcorelayers.code.tex 2023-01-15 v3.1.10 (3.1.10)
)
(/usr/local/texlive/2024/texmf-dist/tex/generic/pgf/basiclayer/pgfcoretranspare
ncy.code.tex
File: pgfcoretransparency.code.tex 2023-01-15 v3.1.10 (3.1.10)
)
(/usr/local/texlive/2024/texmf-dist/tex/generic/pgf/basiclayer/pgfcorepatterns.
code.tex
File: pgfcorepatterns.code.tex 2023-01-15 v3.1.10 (3.1.10)
)
(/usr/local/texlive/2024/texmf-dist/tex/generic/pgf/basiclayer/pgfcorerdf.code.
tex
File: pgfcorerdf.code.tex 2023-01-15 v3.1.10 (3.1.10)
)))
(/usr/local/texlive/2024/texmf-dist/tex/generic/pgf/modules/pgfmoduleshapes.cod
e.tex
File: pgfmoduleshapes.code.tex 2023-01-15 v3.1.10 (3.1.10)
\pgfnodeparttextbox=\box70
)
(/usr/local/texlive/2024/texmf-dist/tex/generic/pgf/modules/pgfmoduleplot.code.
tex
File: pgfmoduleplot.code.tex 2023-01-15 v3.1.10 (3.1.10)
)
(/usr/local/texlive/2024/texmf-dist/tex/latex/pgf/compatibility/pgfcomp-version
-0-65.sty
Package: pgfcomp-version-0-65 2023-01-15 v3.1.10 (3.1.10)
\pgf@nodesepstart=\dimen261
\pgf@nodesepend=\dimen262
)
(/usr/local/texlive/2024/texmf-dist/tex/latex/pgf/compatibility/pgfcomp-version
-1-18.sty
Package: pgfcomp-version-1-18 2023-01-15 v3.1.10 (3.1.10)
)))
Package trimclip Info: No clipping driver 'tc-luatex.def' available.
(trimclip)             Using fall-back PGF driver.
)
\adjbox@Width=\dimen263
\adjbox@Height=\dimen264
\adjbox@Depth=\dimen265
\adjbox@Totalheight=\dimen266
\adjbox@pwidth=\dimen267
\adjbox@pheight=\dimen268
\adjbox@pdepth=\dimen269
\adjbox@ptotalheight=\dimen270

(/usr/local/texlive/2024/texmf-dist/tex/latex/ifoddpage/ifoddpage.sty
Package: ifoddpage 2022/10/18 v1.2 Conditionals for odd/even page detection
\c@checkoddpage=\count294
)
(/usr/local/texlive/2024/texmf-dist/tex/latex/varwidth/varwidth.sty
Package: varwidth 2009/03/30 ver 0.92;  Variable-width minipages
\@vwid@box=\box71
\sift@deathcycles=\count295
\@vwid@loff=\dimen271
\@vwid@roff=\dimen272
))
(/usr/local/texlive/2024/texmf-dist/tex/latex/colortbl/colortbl.sty
Package: colortbl 2024/02/20 v1.0g Color table columns (DPC)
\everycr=\toks42
\minrowclearance=\skip92
\rownum=\count296
)
(/usr/local/texlive/2024/texmf-dist/tex/latex/listings/listings.sty
\lst@mode=\count297
\lst@gtempboxa=\box72
\lst@token=\toks43
\lst@length=\count298
\lst@currlwidth=\dimen273
\lst@column=\count299
\lst@pos=\count300
\lst@lostspace=\dimen274
\lst@width=\dimen275
\lst@newlines=\count301
\lst@lineno=\count302
\lst@maxwidth=\dimen276

(/usr/local/texlive/2024/texmf-dist/tex/latex/listings/lstpatch.sty
File: lstpatch.sty 2024/02/21 1.10 (Carsten Heinz)
)
(/usr/local/texlive/2024/texmf-dist/tex/latex/listings/lstmisc.sty
File: lstmisc.sty 2024/02/21 1.10 (Carsten Heinz)
\c@lstnumber=\count303
\lst@skipnumbers=\count304
\lst@framebox=\box73
)
(/usr/local/texlive/2024/texmf-dist/tex/latex/listings/listings.cfg
File: listings.cfg 2024/02/21 1.10 listings configuration
))
Package: listings 2024/02/21 1.10 (Carsten Heinz)

(/usr/local/texlive/2024/texmf-dist/tex/latex/algorithms/algorithm.sty
Package: algorithm 2009/08/24 v0.1 Document Style `algorithm' - floating enviro
nment

(/usr/local/texlive/2024/texmf-dist/tex/latex/base/ifthen.sty
Package: ifthen 2022/04/13 v1.1d Standard LaTeX ifthen package (DPC)
)
\@float@every@algorithm=\toks44
\c@algorithm=\count305
)
(/usr/local/texlive/2024/texmf-dist/tex/latex/algorithmicx/algpseudocode.sty
Package: algpseudocode 

(/usr/local/texlive/2024/texmf-dist/tex/latex/algorithmicx/algorithmicx.sty
Package: algorithmicx 2005/04/27 v1.2 Algorithmicx

Document Style algorithmicx 1.2 - a greatly improved `algorithmic' style
\c@ALG@line=\count306
\c@ALG@rem=\count307
\c@ALG@nested=\count308
\ALG@tlm=\skip93
\ALG@thistlm=\skip94
\c@ALG@Lnr=\count309
\c@ALG@blocknr=\count310
\c@ALG@storecount=\count311
\c@ALG@tmpcounter=\count312
\ALG@tmplength=\skip95
)
Document Style - pseudocode environments for use with the `algorithmicx' style
) (/usr/local/texlive/2024/texmf-dist/tex/latex/fontspec/fontspec.sty
(/usr/local/texlive/2024/texmf-dist/tex/latex/l3packages/xparse/xparse.sty
(/usr/local/texlive/2024/texmf-dist/tex/latex/l3kernel/expl3.sty
Package: expl3 2024-02-20 L3 programming layer (loader) 

(/usr/local/texlive/2024/texmf-dist/tex/latex/l3backend/l3backend-luatex.def
File: l3backend-luatex.def 2024-02-20 L3 backend support: PDF output (LuaTeX)
\l__color_backend_stack_int=\count313
Inserting `l3color' in `luaotfload.parse_color'.
\l__pdf_internal_box=\box74
))
Package: xparse 2024-02-18 L3 Experimental document command parser
)
Package: fontspec 2024/02/13 v2.9a Font selection for XeLaTeX and LuaLaTeX
Lua module: fontspec 2024/02/13 2.9a Font selection for XeLaTeX and LuaLaTeX (/
usr/local/texlive/2024/texmf-dist/tex/latex/fontspec/fontspec-luatex.sty
Package: fontspec-luatex 2024/02/13 v2.9a Font selection for XeLaTeX and LuaLaT
eX
\l__fontspec_script_int=\count314
\l__fontspec_language_int=\count315
\l__fontspec_strnum_int=\count316
\l__fontspec_tmp_int=\count317
\l__fontspec_tmpa_int=\count318
\l__fontspec_tmpb_int=\count319
\l__fontspec_tmpc_int=\count320
\l__fontspec_em_int=\count321
\l__fontspec_emdef_int=\count322
\l__fontspec_strong_int=\count323
\l__fontspec_strongdef_int=\count324
\l__fontspec_tmpa_dim=\dimen277
\l__fontspec_tmpb_dim=\dimen278
\l__fontspec_tmpc_dim=\dimen279

(/usr/local/texlive/2024/texmf-dist/tex/latex/base/fontenc.sty
Package: fontenc 2021/04/29 v2.0v Standard LaTeX package
)
(/usr/local/texlive/2024/texmf-dist/tex/latex/fontspec/fontspec.cfg)))

Package fontspec Info: Font family 'calibri(0)' created for font 'calibri'
(fontspec)             with options
(fontspec)             [Ligatures=TeX,Extension={.ttf},Path=./font/,UprightFont
={*-regular},BoldFont={*-bold},ItalicFont={*-italic},BoldItalicFont={*-bold-ita
lic}].
(fontspec)              
(fontspec)              This font family consists of the following NFSS
(fontspec)             series/shapes:
(fontspec)              
(fontspec)             - 'normal' (m/n) with NFSS spec.:
(fontspec)             <->"[./font/calibri-regular.ttf]:mode=node;script=latn;l
anguage=dflt;+tlig;"
(fontspec)             - 'small caps'  (m/sc) with NFSS spec.:
(fontspec)             <->"[./font/calibri-regular.ttf]:mode=node;script=latn;l
anguage=dflt;+tlig;+smcp;"
(fontspec)             - 'bold' (b/n) with NFSS spec.:
(fontspec)             <->"[./font/calibri-bold.ttf]:mode=node;script=latn;lang
uage=dflt;+tlig;"
(fontspec)             - 'bold small caps'  (b/sc) with NFSS spec.:
(fontspec)             <->"[./font/calibri-bold.ttf]:mode=node;script=latn;lang
uage=dflt;+tlig;+smcp;"
(fontspec)             - 'italic' (m/it) with NFSS spec.:
(fontspec)             <->"[./font/calibri-italic.ttf]:mode=node;script=latn;la
nguage=dflt;+tlig;"
(fontspec)             - 'italic small caps'  (m/scit) with NFSS spec.:
(fontspec)             <->"[./font/calibri-italic.ttf]:mode=node;script=latn;la
nguage=dflt;+tlig;+smcp;"
(fontspec)             - 'bold italic' (b/it) with NFSS spec.:
(fontspec)             <->"[./font/calibri-bold-italic.ttf]:mode=node;script=la
tn;language=dflt;+tlig;"
(fontspec)             - 'bold italic small caps'  (b/scit) with NFSS spec.:
(fontspec)             <->"[./font/calibri-bold-italic.ttf]:mode=node;script=la
tn;language=dflt;+tlig;+smcp;"


(/usr/local/texlive/2024/texmf-dist/tex/latex/geometry/geometry.sty
Package: geometry 2020/01/02 v5.9 Page Geometry

(/usr/local/texlive/2024/texmf-dist/tex/generic/iftex/ifvtex.sty
Package: ifvtex 2019/10/25 v1.7 ifvtex legacy package. Use iftex instead.

(/usr/local/texlive/2024/texmf-dist/tex/generic/iftex/iftex.sty
Package: iftex 2022/02/03 v1.0f TeX engine tests
))
\Gm@cnth=\count325
\Gm@cntv=\count326
\c@Gm@tempcnt=\count327
\Gm@bindingoffset=\dimen280
\Gm@wd@mp=\dimen281
\Gm@odd@mp=\dimen282
\Gm@even@mp=\dimen283
\Gm@layoutwidth=\dimen284
\Gm@layoutheight=\dimen285
\Gm@layouthoffset=\dimen286
\Gm@layoutvoffset=\dimen287
\Gm@dimlist=\toks45
)
(/usr/local/texlive/2024/texmf-dist/tex/latex/setspace/setspace.sty
Package: setspace 2022/12/04 v6.7b set line spacing
)
(/usr/local/texlive/2024/texmf-dist/tex/latex/fancyhdr/fancyhdr.sty
Package: fancyhdr 2022/11/09 v4.1 Extensive control of page headers and footers

\f@nch@headwidth=\skip96
\f@nch@O@elh=\skip97
\f@nch@O@erh=\skip98
\f@nch@O@olh=\skip99
\f@nch@O@orh=\skip100
\f@nch@O@elf=\skip101
\f@nch@O@erf=\skip102
\f@nch@O@olf=\skip103
\f@nch@O@orf=\skip104
)
(/usr/local/texlive/2024/texmf-dist/tex/latex/cjk/texinput/CJKutf8.sty
Package: CJKutf8 2021/10/16 4.8.5

(/usr/local/texlive/2024/texmf-dist/tex/generic/iftex/ifpdf.sty
Package: ifpdf 2019/10/25 v3.4 ifpdf legacy package. Use iftex instead.
)
(/usr/local/texlive/2024/texmf-dist/tex/latex/base/inputenc.sty
Package: inputenc 2021/02/14 v1.3d Input encoding file
\inpenc@prehook=\toks46
\inpenc@posthook=\toks47


Package inputenc Warning: inputenc package ignored with utf8 based engines.

) (/usr/local/texlive/2024/texmf-dist/tex/latex/cjk/texinput/CJK.sty
Package: CJK 2021/10/16 4.8.5

(/usr/local/texlive/2024/texmf-dist/tex/latex/cjk/texinput/mule/MULEenc.sty
Package: MULEenc 2021/10/16 4.8.5
)
(/usr/local/texlive/2024/texmf-dist/tex/latex/cjk/texinput/CJK.enc
File: CJK.enc 2021/10/16 4.8.5
)
\CJK@indent=\box75
)
(/usr/local/texlive/2024/texmf-dist/tex/latex/base/fontenc.sty
Package: fontenc 2021/04/29 v2.0v Standard LaTeX package
))
No file proposal.aux.

\openout1 = proposal.aux
LaTeX Font Info:    Checking defaults for OML/cmm/m/it on input line 78.
LaTeX Font Info:    ... okay on input line 78.
LaTeX Font Info:    Checking defaults for OMS/cmsy/m/n on input line 78.
LaTeX Font Info:    ... okay on input line 78.
LaTeX Font Info:    Checking defaults for OT1/cmr/m/n on input line 78.
LaTeX Font Info:    ... okay on input line 78.
LaTeX Font Info:    Checking defaults for T1/cmr/m/n on input line 78.
LaTeX Font Info:    ... okay on input line 78.
LaTeX Font Info:    Checking defaults for TS1/cmr/m/n on input line 78.
LaTeX Font Info:    Trying to load font information for TS1+cmr on input line 7
8.
(/usr/local/texlive/2024/texmf-dist/tex/latex/base/ts1cmr.fd
File: ts1cmr.fd 2023/04/13 v2.5m Standard LaTeX font definitions
)
LaTeX Font Info:    ... okay on input line 78.
LaTeX Font Info:    Checking defaults for TU/lmr/m/n on input line 78.
LaTeX Font Info:    ... okay on input line 78.
LaTeX Font Info:    Checking defaults for OMX/cmex/m/n on input line 78.
LaTeX Font Info:    ... okay on input line 78.
LaTeX Font Info:    Checking defaults for U/cmr/m/n on input line 78.
LaTeX Font Info:    ... okay on input line 78.
LaTeX Font Info:    Checking defaults for C00/song/m/n on input line 78.
LaTeX Font Info:    ... okay on input line 78.
LaTeX Font Info:    Checking defaults for C05/song/m/n on input line 78.
LaTeX Font Info:    ... okay on input line 78.
LaTeX Font Info:    Checking defaults for C09/song/m/n on input line 78.
LaTeX Font Info:    ... okay on input line 78.
LaTeX Font Info:    Checking defaults for C10/song/m/n on input line 78.
LaTeX Font Info:    ... okay on input line 78.
LaTeX Font Info:    Checking defaults for C20/song/m/n on input line 78.
LaTeX Font Info:    ... okay on input line 78.
LaTeX Font Info:    Checking defaults for C19/song/m/n on input line 78.
LaTeX Font Info:    ... okay on input line 78.
LaTeX Font Info:    Checking defaults for C40/song/m/n on input line 78.
LaTeX Font Info:    ... okay on input line 78.
LaTeX Font Info:    Checking defaults for C42/song/m/n on input line 78.
LaTeX Font Info:    ... okay on input line 78.
LaTeX Font Info:    Checking defaults for C43/song/m/n on input line 78.
LaTeX Font Info:    ... okay on input line 78.
LaTeX Font Info:    Checking defaults for C50/song/m/n on input line 78.
LaTeX Font Info:    ... okay on input line 78.
LaTeX Font Info:    Checking defaults for C52/song/m/n on input line 78.
LaTeX Font Info:    ... okay on input line 78.
LaTeX Font Info:    Checking defaults for C49/song/m/n on input line 78.
LaTeX Font Info:    ... okay on input line 78.
LaTeX Font Info:    Checking defaults for C60/mj/m/n on input line 78.
LaTeX Font Info:    ... okay on input line 78.
LaTeX Font Info:    Checking defaults for C61/mj/m/n on input line 78.
LaTeX Font Info:    ... okay on input line 78.
LaTeX Font Info:    Checking defaults for C63/mj/m/n on input line 78.
LaTeX Font Info:    ... okay on input line 78.
LaTeX Font Info:    Checking defaults for C64/mj/m/n on input line 78.
LaTeX Font Info:    ... okay on input line 78.
LaTeX Font Info:    Checking defaults for C65/mj/m/n on input line 78.
LaTeX Font Info:    ... okay on input line 78.
LaTeX Font Info:    Checking defaults for C70/song/m/n on input line 78.
LaTeX Font Info:    ... okay on input line 78.
LaTeX Font Info:    Checking defaults for C31/song/m/n on input line 78.
LaTeX Font Info:    ... okay on input line 78.
LaTeX Font Info:    Checking defaults for C32/song/m/n on input line 78.
LaTeX Font Info:    ... okay on input line 78.
LaTeX Font Info:    Checking defaults for C33/song/m/n on input line 78.
LaTeX Font Info:    ... okay on input line 78.
LaTeX Font Info:    Checking defaults for C34/song/m/n on input line 78.
LaTeX Font Info:    ... okay on input line 78.
LaTeX Font Info:    Checking defaults for C35/song/m/n on input line 78.
LaTeX Font Info:    ... okay on input line 78.
LaTeX Font Info:    Checking defaults for C36/song/m/n on input line 78.
LaTeX Font Info:    ... okay on input line 78.
LaTeX Font Info:    Checking defaults for C37/song/m/n on input line 78.
LaTeX Font Info:    ... okay on input line 78.
LaTeX Font Info:    Checking defaults for C80/song/m/n on input line 78.
LaTeX Font Info:    ... okay on input line 78.
LaTeX Font Info:    Checking defaults for C81/song/m/n on input line 78.
LaTeX Font Info:    ... okay on input line 78.
LaTeX Font Info:    Checking defaults for C01/song/m/n on input line 78.
LaTeX Font Info:    ... okay on input line 78.
LaTeX Font Info:    Checking defaults for C11/song/m/n on input line 78.
LaTeX Font Info:    ... okay on input line 78.
LaTeX Font Info:    Checking defaults for C21/song/m/n on input line 78.
LaTeX Font Info:    ... okay on input line 78.
LaTeX Font Info:    Checking defaults for C41/song/m/n on input line 78.
LaTeX Font Info:    ... okay on input line 78.
LaTeX Font Info:    Checking defaults for C62/song/m/n on input line 78.
LaTeX Font Info:    ... okay on input line 78.

(/usr/local/texlive/2024/texmf-dist/tex/context/base/mkii/supp-pdf.mkii
[Loading MPS to PDF converter (version 2006.09.02).]
\scratchcounter=\count328
\scratchdimen=\dimen288
\scratchbox=\box76
\nofMPsegments=\count329
\nofMParguments=\count330
\everyMPshowfont=\toks48
\MPscratchCnt=\count331
\MPscratchDim=\dimen289
\MPnumerator=\count332
\makeMPintoPDFobject=\count333
\everyMPtoPDFconversion=\toks49
) (/usr/local/texlive/2024/texmf-dist/tex/latex/epstopdf-pkg/epstopdf-base.sty
Package: epstopdf-base 2020-01-24 v2.11 Base part for package epstopdf
Package epstopdf-base Info: Redefining graphics rule for `.eps' on input line 4
85.

(/usr/local/texlive/2024/texmf-dist/tex/latex/latexconfig/epstopdf-sys.cfg
File: epstopdf-sys.cfg 2010/07/13 v1.3 Configuration of (r)epstopdf for TeX Liv
e
))
\c@lstlisting=\count334

Package fontspec Info: Adjusting the maths setup (use [no-math] to avoid
(fontspec)             this).

\symlegacymaths=\mathgroup6
LaTeX Font Info:    Overwriting symbol font `legacymaths' in version `bold'
(Font)                  OT1/cmr/m/n --> OT1/cmr/bx/n on input line 78.
LaTeX Font Info:    Redeclaring math accent \acute on input line 78.
LaTeX Font Info:    Redeclaring math accent \grave on input line 78.
LaTeX Font Info:    Redeclaring math accent \ddot on input line 78.
LaTeX Font Info:    Redeclaring math accent \tilde on input line 78.
LaTeX Font Info:    Redeclaring math accent \bar on input line 78.
LaTeX Font Info:    Redeclaring math accent \breve on input line 78.
LaTeX Font Info:    Redeclaring math accent \check on input line 78.
LaTeX Font Info:    Redeclaring math accent \hat on input line 78.
LaTeX Font Info:    Redeclaring math accent \dot on input line 78.
LaTeX Font Info:    Redeclaring math accent \mathring on input line 78.
LaTeX Font Info:    Redeclaring math symbol \Gamma on input line 78.
LaTeX Font Info:    Redeclaring math symbol \Delta on input line 78.
LaTeX Font Info:    Redeclaring math symbol \Theta on input line 78.
LaTeX Font Info:    Redeclaring math symbol \Lambda on input line 78.
LaTeX Font Info:    Redeclaring math symbol \Xi on input line 78.
LaTeX Font Info:    Redeclaring math symbol \Pi on input line 78.
LaTeX Font Info:    Redeclaring math symbol \Sigma on input line 78.
LaTeX Font Info:    Redeclaring math symbol \Upsilon on input line 78.
LaTeX Font Info:    Redeclaring math symbol \Phi on input line 78.
LaTeX Font Info:    Redeclaring math symbol \Psi on input line 78.
LaTeX Font Info:    Redeclaring math symbol \Omega on input line 78.
LaTeX Font Info:    Redeclaring math symbol \mathdollar on input line 78.
LaTeX Font Info:    Redeclaring symbol font `operators' on input line 78.
LaTeX Font Info:    Encoding `OT1' has changed to `TU' for symbol font
(Font)              `operators' in the math version `normal' on input line 78.
LaTeX Font Info:    Overwriting symbol font `operators' in version `normal'
(Font)                  OT1/cmr/m/n --> TU/calibri(0)/m/n on input line 78.
LaTeX Font Info:    Encoding `OT1' has changed to `TU' for symbol font
(Font)              `operators' in the math version `bold' on input line 78.
LaTeX Font Info:    Overwriting symbol font `operators' in version `bold'
(Font)                  OT1/cmr/bx/n --> TU/calibri(0)/m/n on input line 78.
LaTeX Font Info:    Overwriting symbol font `operators' in version `normal'
(Font)                  TU/calibri(0)/m/n --> TU/calibri(0)/m/n on input line 7
8.
LaTeX Font Info:    Overwriting math alphabet `\mathit' in version `normal'
(Font)                  OT1/cmr/m/it --> TU/calibri(0)/m/it on input line 78.
LaTeX Font Info:    Overwriting math alphabet `\mathbf' in version `normal'
(Font)                  OT1/cmr/bx/n --> TU/calibri(0)/b/n on input line 78.
LaTeX Font Info:    Overwriting math alphabet `\mathsf' in version `normal'
(Font)                  OT1/cmss/m/n --> TU/lmss/m/n on input line 78.
LaTeX Font Info:    Overwriting math alphabet `\mathtt' in version `normal'
(Font)                  OT1/cmtt/m/n --> TU/lmtt/m/n on input line 78.
LaTeX Font Info:    Overwriting symbol font `operators' in version `bold'
(Font)                  TU/calibri(0)/m/n --> TU/calibri(0)/b/n on input line 7
8.
LaTeX Font Info:    Overwriting math alphabet `\mathit' in version `bold'
(Font)                  OT1/cmr/bx/it --> TU/calibri(0)/b/it on input line 78.
LaTeX Font Info:    Overwriting math alphabet `\mathsf' in version `bold'
(Font)                  OT1/cmss/bx/n --> TU/lmss/b/n on input line 78.
LaTeX Font Info:    Overwriting math alphabet `\mathtt' in version `bold'
(Font)                  OT1/cmtt/m/n --> TU/lmtt/b/n on input line 78.

*geometry* driver: auto-detecting
*geometry* detected driver: luatex
*geometry* verbose mode - [ preamble ] result:
* driver: luatex
* paper: a4paper
* layout: <same size as paper>
* layoutoffset:(h,v)=(0.0pt,0.0pt)
* modes: 
* h-part:(L,W,R)=(36.13512pt, 525.23764pt, 36.13512pt)
* v-part:(T,H,B)=(72.2698pt, 736.64192pt, 36.13512pt)
* \paperwidth=597.50787pt
* \paperheight=845.04684pt
* \textwidth=525.23764pt
* \textheight=736.64192pt
* \oddsidemargin=-36.13487pt
* \evensidemargin=-36.13487pt
* \topmargin=-37.00018pt
* \headheight=12.0pt
* \headsep=25.0pt
* \topskip=11.0pt
* \footskip=30.0pt
* \marginparwidth=59.0pt
* \marginparsep=10.0pt
* \columnsep=10.0pt
* \skip\footins=10.0pt plus 4.0pt minus 2.0pt
* \hoffset=0.0pt
* \voffset=0.0pt
* \mag=1000
* \@twocolumnfalse
* \@twosidefalse
* \@mparswitchfalse
* \@reversemarginfalse
* (1in=72.27pt=25.4mm, 1cm=28.453pt)

LaTeX Font Info:    Trying to load font information for U+msa on input line 99.

(/usr/local/texlive/2024/texmf-dist/tex/latex/amsfonts/umsa.fd
File: umsa.fd 2013/01/14 v3.01 AMS symbols A
)
LaTeX Font Info:    Trying to load font information for U+msb on input line 99.


(/usr/local/texlive/2024/texmf-dist/tex/latex/amsfonts/umsb.fd
File: umsb.fd 2013/01/14 v3.01 AMS symbols B
) [1

{/usr/local/texlive/2024/texmf-var/fonts/map/pdftex/updmap/pdftex.map}]
No file proposal.toc.
\tf@toc=\write4

\openout4 = proposal.toc
[2] (/usr/local/texlive/2024/texmf-dist/tex/latex/cjk/texinput/UTF8/UTF8.bdg
File: UTF8.bdg 2021/10/16 4.8.5
)
(/usr/local/texlive/2024/texmf-dist/tex/latex/cjk/texinput/UTF8/UTF8.enc
File: UTF8.enc 2021/10/16 4.8.5
)
(/usr/local/texlive/2024/texmf-dist/tex/latex/cjk/texinput/UTF8/UTF8.chr
File: UTF8.chr 2021/10/16 4.8.5
)
(/usr/local/texlive/2024/texmf-dist/tex/latex/cjk/texinput/UTF8/UTF8.enc
File: UTF8.enc 2021/10/16 4.8.5
)
(/usr/local/texlive/2024/texmf-dist/tex/latex/cjk/texinput/UTF8/UTF8.chr
File: UTF8.chr 2021/10/16 4.8.5
)
[1] (/usr/local/texlive/2024/texmf-dist/tex/latex/cjk/texinput/UTF8/UTF8.enc
File: UTF8.enc 2021/10/16 4.8.5
)
(/usr/local/texlive/2024/texmf-dist/tex/latex/cjk/texinput/UTF8/UTF8.chr
File: UTF8.chr 2021/10/16 4.8.5
)
[2]

LaTeX Warning: Citation `pedersen_camera_2018' on page 3 undefined on input lin
e 144.


LaTeX Warning: Citation `cai_data-driven_2025' on page 3 undefined on input lin
e 144.


LaTeX Warning: Citation `zhou_survey_2022' on page 3 undefined on input line 14
4.


LaTeX Warning: Citation `agrawal_underwater_2025' on page 3 undefined on input 
line 146.


LaTeX Warning: Citation `cai_development_2024' on page 3 undefined on input lin
e 146.


LaTeX Warning: Citation `pedersen_camera_2018' on page 3 undefined on input lin
e 148.


LaTeX Warning: Citation `cai_data-driven_2025' on page 3 undefined on input lin
e 148.


LaTeX Warning: Citation `pedersen_camera_2018' on page 3 undefined on input lin
e 148.


Underfull \hbox (badness 10000) in paragraph at lines 148--149

 []


Underfull \hbox (badness 10000) in paragraph at lines 148--149

 []


LaTeX Warning: Citation `cai_development_2024' on page 3 undefined on input lin
e 164.


Underfull \hbox (badness 10000) in paragraph at lines 164--165

 []


LaTeX Warning: Citation `zhang_decentralized_2020' on page 3 undefined on input
 line 167.


LaTeX Warning: Citation `yang_intelligent_2023' on page 3 undefined on input li
ne 167.

[3]

LaTeX Warning: Citation `mceachern_real-time_2024' on page 4 undefined on input
 line 189.


LaTeX Warning: Citation `bosser_broadband_2024' on page 4 undefined on input li
ne 189.


LaTeX Warning: Citation `mceachern_real-time_2024' on page 4 undefined on input
 line 190.


LaTeX Warning: Citation `bosser_broadband_2024' on page 4 undefined on input li
ne 190.


Underfull \hbox (badness 10000) in paragraph at lines 189--191

 []

[4]

LaTeX Warning: Citation `bosser_broadband_2024' on page 5 undefined on input li
ne 192.


LaTeX Warning: Citation `bosser_broadband_2024' on page 5 undefined on input li
ne 192.


LaTeX Warning: Citation `zhou_localization_2022' on page 5 undefined on input l
ine 194.


LaTeX Warning: Citation `gidugu_bio-inspired_2024' on page 5 undefined on input
 line 194.


LaTeX Warning: Citation `zhou_localization_2022' on page 5 undefined on input l
ine 195.


LaTeX Warning: Citation `gidugu_bio-inspired_2024' on page 5 undefined on input
 line 195.


LaTeX Warning: Citation `zhou_localization_2022' on page 5 undefined on input l
ine 195.


Underfull \hbox (badness 10000) in paragraph at lines 194--196

 []


LaTeX Warning: Citation `zhou_localization_2022' on page 5 undefined on input l
ine 197.


LaTeX Warning: Citation `gidugu_bio-inspired_2024' on page 5 undefined on input
 line 197.


LaTeX Warning: Citation `cai_development_2024' on page 5 undefined on input lin
e 199.


LaTeX Warning: Citation `zhong_fast_2019' on page 5 undefined on input line 199
.


LaTeX Warning: Citation `zhong_fast_2019' on page 5 undefined on input line 199
.


LaTeX Warning: Citation `cai_development_2024' on page 5 undefined on input lin
e 199.


LaTeX Warning: Citation `cai_development_2024' on page 5 undefined on input lin
e 200.


LaTeX Warning: Citation `zhong_fast_2019' on page 5 undefined on input line 200
.


LaTeX Warning: Citation `zhong_fast_2019' on page 5 undefined on input line 200
.


Underfull \hbox (badness 10000) in paragraph at lines 199--201

 []


LaTeX Warning: Citation `cai_development_2024' on page 5 undefined on input lin
e 202.


LaTeX Warning: Citation `zhong_fast_2019' on page 5 undefined on input line 202
.


LaTeX Warning: Citation `cai_development_2024' on page 5 undefined on input lin
e 202.


LaTeX Warning: Citation `naqvi2025rssi' on page 5 undefined on input line 204.


LaTeX Warning: Citation `sun2019mobile' on page 5 undefined on input line 204.


LaTeX Warning: Citation `naqvi2025rssi' on page 5 undefined on input line 204.


LaTeX Warning: Citation `sun2019mobile' on page 5 undefined on input line 204.


LaTeX Warning: Citation `naqvi2025rssi' on page 5 undefined on input line 205.


LaTeX Warning: Citation `sun2019mobile' on page 5 undefined on input line 205.


LaTeX Warning: Citation `sun2019mobile' on page 5 undefined on input line 205.


LaTeX Warning: Citation `naqvi2025rssi' on page 5 undefined on input line 205.


LaTeX Warning: Citation `sun2019mobile' on page 5 undefined on input line 205.


LaTeX Warning: Citation `naqvi2025rssi' on page 5 undefined on input line 205.


LaTeX Warning: Citation `cai_development_2024' on page 5 undefined on input lin
e 206.


Underfull \hbox (badness 10000) in paragraph at lines 204--207

 []


Underfull \hbox (badness 10000) in paragraph at lines 204--207

 []

[5]

LaTeX Warning: Citation `cai_development_2024' on page 6 undefined on input lin
e 215.


LaTeX Warning: Reference `camera-array' on page 6 undefined on input line 215.


LaTeX Warning: Citation `pedersen_camera_2018' on page 6 undefined on input lin
e 217.


Underfull \hbox (badness 10000) in paragraph at lines 217--221

 []


Underfull \hbox (badness 10000) in paragraph at lines 217--221

 []


LaTeX Warning: Citation `garrido-jurado_automatic_2014' on page 6 undefined on 
input line 222.

[6]

LaTeX Warning: Citation `cai_development_2024' on page 7 undefined on input lin
e 224.


LaTeX Warning: Citation `li_kalman_2015' on page 7 undefined on input line 224.


<figures/Camera array.png, id=40, 1575.8875pt x 1013.7875pt>
File: figures/Camera array.png Graphic file (type png)
<use figures/Camera array.png>
Package luatex.def Info: figures/Camera array.png  used on input line 227.
(luatex.def)             Requested size: 236.37292pt x 152.06157pt.
<figures/System Block Diagram.png, id=41, 5434.3025pt x 3231.07124pt>
File: figures/System Block Diagram.png Graphic file (type png)
<use figures/System Block Diagram.png>
Package luatex.def Info: figures/System Block Diagram.png  used on input line 2
34.
(luatex.def)             Requested size: 543.4621pt x 323.12605pt.

Overfull \hbox (18.22446pt too wide) in paragraph at lines 234--235
 [][] 
 []

[7<./figures/Camera array.png>]

LaTeX Warning: Reference `specifications' on page 8 undefined on input line 247
.


Package longtable Warning: Column widths have changed
(longtable)                in table 1 on input line 302.

[8<./figures/System Block Diagram.png>]

LaTeX Warning: Reference `sim' on page 9 undefined on input line 324.

<figures/sim.png, id=50, 1076.1003pt x 740.7675pt>
File: figures/sim.png Graphic file (type png)
<use figures/sim.png>
Package luatex.def Info: figures/sim.png  used on input line 329.
(luatex.def)             Requested size: 315.14578pt x 216.93077pt.

Underfull \hbox (badness 10000) in paragraph at lines 320--333

 []

[9]

LaTeX Warning: Reference `error_distribution' on page 10 undefined on input lin
e 339.

<figures/reprojection_error_distribution.png, id=55, 722.7pt x 361.35pt>
File: figures/reprojection_error_distribution.png Graphic file (type png)
<use figures/reprojection_error_distribution.png>
Package luatex.def Info: figures/reprojection_error_distribution.png  used on i
nput line 344.
(luatex.def)             Requested size: 315.14578pt x 157.57195pt.

Underfull \hbox (badness 10000) in paragraph at lines 335--348

 []


LaTeX Warning: Reference `EKF' on page 10 undefined on input line 354.

<figures/EKF.png, id=56, 714.7503pt x 356.2911pt>
File: figures/EKF.png Graphic file (type png)
<use figures/EKF.png>
Package luatex.def Info: figures/EKF.png  used on input line 359.
(luatex.def)             Requested size: 315.14578pt x 157.10019pt.

Underfull \hbox (badness 10000) in paragraph at lines 350--363

 []

[10<./figures/sim.png><./figures/reprojection_error_distribution.png>]

LaTeX Warning: Reference `collection array' on page 11 undefined on input line 
375.


LaTeX Warning: Reference `validation' on page 11 undefined on input line 375.


LaTeX Warning: Reference `chessboard' on page 11 undefined on input line 377.


LaTeX Warning: Reference `multi_cameras' on page 11 undefined on input line 377
.


warning  (file figures/cameras.jpeg) (readjpg): Exif resolution 72dpi x 72dpi di
ffers from the input resolution 300dpi x 300dpi
<figures/cameras.jpeg, id=64, 4047.12pt x 3035.34pt>
File: figures/cameras.jpeg Graphic file (type jpg)
<use figures/cameras.jpeg>
Package luatex.def Info: figures/cameras.jpeg  used on input line 382.
(luatex.def)             Requested size: 315.14578pt x 236.34799pt.

warning  (file figures/detected.jpeg) (readjpg): Exif resolution 72dpi x 72dpi d
iffers from the input resolution 300dpi x 300dpi
<figures/detected.jpeg, id=65, 4047.12pt x 3035.34pt>
File: figures/detected.jpeg Graphic file (type jpg)
<use figures/detected.jpeg>
Package luatex.def Info: figures/detected.jpeg  used on input line 390.
(luatex.def)             Requested size: 315.14578pt x 236.34799pt.
<figures/multi_cameras.jpg, id=66, 1927.2pt x 1284.8pt>
File: figures/multi_cameras.jpg Graphic file (type jpg)
<use figures/multi_cameras.jpg>
Package luatex.def Info: figures/multi_cameras.jpg  used on input line 398.
(luatex.def)             Requested size: 315.14578pt x 210.08122pt.
<figures/arrow.png, id=67, 1097.0586pt x 729.927pt>
File: figures/arrow.png Graphic file (type png)
<use figures/arrow.png>
Package luatex.def Info: figures/arrow.png  used on input line 406.
(luatex.def)             Requested size: 315.14578pt x 209.67975pt.

Underfull \hbox (badness 10000) in paragraph at lines 371--410

 []


Underfull \hbox (badness 10000) in paragraph at lines 371--410

 []


Underfull \hbox (badness 10000) in paragraph at lines 371--410

 []

[11<./figures/EKF.png>]

LaTeX Warning: Reference `ChArUco' on page 12 undefined on input line 415.

<figures/charuco.jpg, id=72, 1927.2pt x 1084.05pt>
File: figures/charuco.jpg Graphic file (type jpg)
<use figures/charuco.jpg>
Package luatex.def Info: figures/charuco.jpg  used on input line 421.
(luatex.def)             Requested size: 315.14578pt x 177.25603pt.

Underfull \hbox (badness 10000) in paragraph at lines 411--425

 []


Underfull \hbox (badness 10000) in paragraph at lines 411--425

 []


LaTeX Warning: Reference `int_param' on page 12 undefined on input line 431.


Underfull \hbox (badness 10000) in paragraph at lines 427--432

 []


Underfull \hbox (badness 10000) in paragraph at lines 427--432

 []


Underfull \hbox (badness 10000) in paragraph at lines 427--432

 []

[12<./figures/cameras.jpeg
warning  (readjpg): Exif resolution 72dpi x 72dpi differs from the input resolut
ion 300dpi x 300dpi
>] [13<./figures/detected.jpeg
warning  (readjpg): Exif resolution 72dpi x 72dpi differs from the input resolut
ion 300dpi x 300dpi
><./figures/multi_cameras.jpg>] [14<./figures/arrow.png><./figures/charuco.jpg>]
Underfull \hbox (badness 10000) in paragraph at lines 444--447

 []


Underfull \hbox (badness 10000) in paragraph at lines 444--447

 []


LaTeX Warning: Reference `undistrot' on page 15 undefined on input line 449.


Underfull \hbox (badness 10000) in paragraph at lines 448--450

 []

<figures/undistort.png, id=83, 1101.3948pt x 734.2632pt>
File: figures/undistort.png Graphic file (type png)
<use figures/undistort.png>
Package luatex.def Info: figures/undistort.png  used on input line 455.
(luatex.def)             Requested size: 315.14578pt x 210.09627pt.

LaTeX Warning: Reference `ext_result' on page 15 undefined on input line 464.


Underfull \hbox (badness 10000) in paragraph at lines 460--465

 []


Underfull \hbox (badness 10000) in paragraph at lines 460--465

 []


Underfull \hbox (badness 10000) in paragraph at lines 460--465

 []

[15<./figures/undistort.png>]
<figures/charuco_capture.jpg, id=88, 1927.2pt x 3252.15pt>
File: figures/charuco_capture.jpg Graphic file (type jpg)
<use figures/charuco_capture.jpg>
Package luatex.def Info: figures/charuco_capture.jpg  used on input line 476.
(luatex.def)             Requested size: 315.14578pt x 531.7681pt.


LaTeX Warning: Reference `charuco_capture' on page 16 undefined on input line 4
80.


LaTeX Warning: Reference `ext_goal' on page 16 undefined on input line 480.

<figures/visualize_ext.png, id=89, 1084.05pt x 722.7pt>
File: figures/visualize_ext.png Graphic file (type png)
<use figures/visualize_ext.png>
Package luatex.def Info: figures/visualize_ext.png  used on input line 488.
(luatex.def)             Requested size: 315.14578pt x 210.09592pt.

Underfull \hbox (badness 10000) in paragraph at lines 493--531

 []


Underfull \hbox (badness 10000) in paragraph at lines 493--531

 []


LaTeX Warning: Reference `polynomial' on page 16 undefined on input line 533.


LaTeX Warning: Reference `int_results' on page 16 undefined on input line 533.

<figures/distortion_field.png, id=90, 722.7pt x 578.16pt>
File: figures/distortion_field.png Graphic file (type png)
<use figures/distortion_field.png>
Package luatex.def Info: figures/distortion_field.png  used on input line 548.
(luatex.def)             Requested size: 315.14578pt x 252.11511pt.
<figures/Placeholder.png, id=91, 602.25pt x 602.25pt>
File: figures/Placeholder.png Graphic file (type png)
<use figures/Placeholder.png>
Package luatex.def Info: figures/Placeholder.png  used on input line 557.
(luatex.def)             Requested size: 315.14578pt x 315.15674pt.
[16] [17<./figures/charuco_capture.jpg>] [18<./figures/visualize_ext.png>]
[19<./figures/distortion_field.png><./figures/Placeholder.png>]

LaTeX Warning: Reference `aruco test' on page 20 undefined on input line 573.


warning  (file figures/aruco test.jpeg) (readjpg): Exif resolution 72dpi x 72dpi
 differs from the input resolution 300dpi x 300dpi
<figures/aruco test.jpeg, id=109, 4047.12pt x 3035.34pt>
File: figures/aruco test.jpeg Graphic file (type jpg)
<use figures/aruco test.jpeg>
Package luatex.def Info: figures/aruco test.jpeg  used on input line 579.
(luatex.def)             Requested size: 315.14578pt x 236.34799pt.

Underfull \hbox (badness 10000) in paragraph at lines 569--583

 []


Underfull \hbox (badness 10000) in paragraph at lines 569--583

 []


Underfull \hbox (badness 10000) in paragraph at lines 585--590

 []


Underfull \hbox (badness 10000) in paragraph at lines 585--590

 []


Underfull \hbox (badness 10000) in paragraph at lines 585--590

 []

[20<./figures/aruco test.jpeg
warning  (readjpg): Exif resolution 72dpi x 72dpi differs from the input resolut
ion 300dpi x 300dpi
>]
<figures/share_local.png, id=113, 1387.584pt x 780.516pt>
File: figures/share_local.png Graphic file (type png)
<use figures/share_local.png>
Package luatex.def Info: figures/share_local.png  used on input line 596.
(luatex.def)             Requested size: 315.14578pt x 177.26396pt.
<figures/air_tracking.png, id=114, 722.7pt x 722.7pt>
File: figures/air_tracking.png Graphic file (type png)
<use figures/air_tracking.png>
Package luatex.def Info: figures/air_tracking.png  used on input line 604.
(luatex.def)             Requested size: 315.14578pt x 315.14388pt.
<figures/water_tracking.png, id=115, 722.7pt x 722.7pt>
File: figures/water_tracking.png Graphic file (type png)
<use figures/water_tracking.png>
Package luatex.def Info: figures/water_tracking.png  used on input line 612.
(luatex.def)             Requested size: 315.14578pt x 315.14388pt.

Underfull \hbox (badness 10000) in paragraph at lines 630--635

 []


Underfull \hbox (badness 10000) in paragraph at lines 630--635

 []


Underfull \hbox (badness 10000) in paragraph at lines 630--635

 []


Underfull \hbox (badness 10000) in paragraph at lines 636--641

 []


Underfull \hbox (badness 10000) in paragraph at lines 636--641

 []


Underfull \hbox (badness 10000) in paragraph at lines 636--641

 []

[21<./figures/share_local.png>] [22<./figures/air_tracking.png><./figures/water_
tracking.png>]
(/usr/local/texlive/2024/texmf-dist/tex/latex/cjk/texinput/UTF8/UTF8.enc
File: UTF8.enc 2021/10/16 4.8.5
)
(/usr/local/texlive/2024/texmf-dist/tex/latex/cjk/texinput/UTF8/UTF8.chr
File: UTF8.chr 2021/10/16 4.8.5
)
[23]
No file proposal.bbl.
[24]
Underfull \hbox (badness 10000) in paragraph at lines 682--682
[]|\TU/calibri(0)/m/n/10.95 Ob-jec-tive state-
 []


Underfull \hbox (badness 10000) in paragraph at lines 682--682
[]|\TU/calibri(0)/m/n/10.95 Group
 []


Underfull \hbox (badness 10000) in paragraph at lines 682--682
\TU/calibri(0)/m/n/10.95 Mem-ber
 []


Underfull \hbox (badness 10000) in paragraph at lines 682--682
[]|\TU/calibri(0)/m/n/10.95 WK1
 []


Underfull \hbox (badness 10000) in paragraph at lines 682--682
[]|\TU/calibri(0)/m/n/10.95 WK2
 []


Underfull \hbox (badness 10000) in paragraph at lines 682--682
[]|\TU/calibri(0)/m/n/10.95 WK3
 []


Underfull \hbox (badness 10000) in paragraph at lines 682--682
[]|\TU/calibri(0)/m/n/10.95 WK4
 []


Underfull \hbox (badness 10000) in paragraph at lines 682--682
[]|\TU/calibri(0)/m/n/10.95 WK5
 []


Underfull \hbox (badness 10000) in paragraph at lines 682--682
[]|\TU/calibri(0)/m/n/10.95 WK6
 []


Underfull \hbox (badness 10000) in paragraph at lines 682--682
[]|\TU/calibri(0)/m/n/10.95 WK7
 []


Underfull \hbox (badness 10000) in paragraph at lines 682--682
[]|\TU/calibri(0)/m/n/10.95 WK8
 []


Underfull \hbox (badness 10000) in paragraph at lines 682--682
[]|\TU/calibri(0)/m/n/10.95 WK9
 []


Overfull \hbox (0.92291pt too wide) in paragraph at lines 682--682
[]|\TU/calibri(0)/m/n/10.95 WK10
 []


Overfull \hbox (0.92291pt too wide) in paragraph at lines 682--682
[]|\TU/calibri(0)/m/n/10.95 WK11
 []


Overfull \hbox (0.92291pt too wide) in paragraph at lines 682--682
[]|\TU/calibri(0)/m/n/10.95 WK12
 []


Overfull \hbox (0.82132pt too wide) in paragraph at lines 682--682
\TU/calibri(0)/m/n/10.95 13/10| 
 []


Overfull \hbox (0.92291pt too wide) in paragraph at lines 682--682
[]|\TU/calibri(0)/m/n/10.95 WK13
 []


Overfull \hbox (0.82132pt too wide) in paragraph at lines 682--682
\TU/calibri(0)/m/n/10.95 20/10| 
 []


Overfull \hbox (0.92291pt too wide) in paragraph at lines 682--682
[]|\TU/calibri(0)/m/n/10.95 WK14
 []


Overfull \hbox (0.82132pt too wide) in paragraph at lines 682--682
\TU/calibri(0)/m/n/10.95 27/10| 
 []


Overfull \hbox (0.92291pt too wide) in paragraph at lines 682--682
[]|\TU/calibri(0)/m/n/10.95 WK15
 []


Overfull \hbox (0.92291pt too wide) in paragraph at lines 682--682
[]|\TU/calibri(0)/m/n/10.95 WK16
 []


Overfull \hbox (0.82132pt too wide) in paragraph at lines 682--682
\TU/calibri(0)/m/n/10.95 10/11| 
 []


Overfull \hbox (0.92291pt too wide) in paragraph at lines 682--683
[]|\TU/calibri(0)/m/n/10.95 WK17
 []


Overfull \hbox (0.82132pt too wide) in paragraph at lines 682--683
\TU/calibri(0)/m/n/10.95 17/11| 
 []


Underfull \hbox (badness 10000) in paragraph at lines 684--684
[]|\TU/calibri(0)/m/n/10.95 Sim-u-la-tion En-vi-
 []


Underfull \hbox (badness 4441) in paragraph at lines 684--684
\TU/calibri(0)/m/n/10.95 ron-ment De-vel-op-
 []


Underfull \hbox (badness 3724) in paragraph at lines 686--686
[]|\TU/calibri(0)/m/n/10.95 Sim-u-la-tion Frame-
 []


Underfull \hbox (badness 10000) in paragraph at lines 686--686
[]|\TU/calibri(0)/m/n/10.95 XU,
 []


Underfull \hbox (badness 10000) in paragraph at lines 688--688
[]|\TU/calibri(0)/m/n/10.95 Noise Mod-el-ing
 []


Underfull \hbox (badness 10000) in paragraph at lines 688--688
[]|\TU/calibri(0)/m/n/10.95 XU,
 []


Underfull \hbox (badness 10000) in paragraph at lines 690--690
[]|\TU/calibri(0)/m/n/10.95 XU,
 []


Underfull \hbox (badness 4699) in paragraph at lines 694--694
[]|\TU/calibri(0)/m/n/10.95 Chess-board photo
 []


Underfull \hbox (badness 10000) in paragraph at lines 694--694
[]|\TU/calibri(0)/m/n/10.95 CHAN,
 []


Underfull \hbox (badness 10000) in paragraph at lines 698--698
[]|\TU/calibri(0)/m/n/10.95 Ex-trin-sic Pa-ram-e-
 []


Underfull \hbox (badness 10000) in paragraph at lines 700--700
[]|\TU/calibri(0)/m/n/10.95 Un-der-wa-ter
 []


Underfull \hbox (badness 1983) in paragraph at lines 700--700
\TU/calibri(0)/m/n/10.95 Cal-i-bra-tion Ad-just-
 []


Underfull \hbox (badness 1867) in paragraph at lines 704--704
[]|\TU/calibri(0)/m/n/10.95 ArUco Lo-cal-iza-tion
 []


Underfull \hbox (badness 10000) in paragraph at lines 706--706
[]|\TU/calibri(0)/m/n/10.95 Multi-Camera
 []


Underfull \hbox (badness 10000) in paragraph at lines 706--706
[]|\TU/calibri(0)/m/n/10.95 XU,
 []


Underfull \hbox (badness 10000) in paragraph at lines 708--708
[]|\TU/calibri(0)/m/n/10.95 AUV lo-cal-iza-tion
 []


Underfull \hbox (badness 1668) in paragraph at lines 710--710
[]|\TU/calibri(0)/m/n/10.95 Sen-sor Fu-sion Im-
 []


Underfull \hbox (badness 10000) in paragraph at lines 712--712
[]|\TU/calibri(0)/m/n/10.95 Ex-tended Kalman
 []


Underfull \hbox (badness 1168) in paragraph at lines 712--712
\TU/calibri(0)/m/n/10.95 Fil-ter Im-ple-men-ta-
 []


Underfull \hbox (badness 10000) in paragraph at lines 712--712
[]|\TU/calibri(0)/m/n/10.95 XU,
 []

[25]
Overfull \hbox (2.21486pt too wide) in paragraph at lines 757--758
[]\TU/calibri(0)/b/n/10.95 Cam-era se-lec-tion: \TU/calibri(0)/m/n/10.95 Five ca
m-eras (4× WXSJ-H65HD + 1× S-YUE) pro-vide op-ti-mal cost-performance ra-tio 
at ¥110/cam-
 []

[26] [27] [28] [29]

Package longtable Warning: Column widths have changed
(longtable)                in table 8 on input line 922.


Package longtable Warning: Column widths have changed
(longtable)                in table 9 on input line 935.

[30]

Package longtable Warning: Column widths have changed
(longtable)                in table 10 on input line 970.


Package longtable Warning: Column widths have changed
(longtable)                in table 11 on input line 985.

[31]

Package longtable Warning: Column widths have changed
(longtable)                in table 12 on input line 1020.


Package longtable Warning: Column widths have changed
(longtable)                in table 13 on input line 1035.

[32]

Package longtable Warning: Column widths have changed
(longtable)                in table 14 on input line 1070.


Package longtable Warning: Column widths have changed
(longtable)                in table 15 on input line 1083.

[33]

Package longtable Warning: Column widths have changed
(longtable)                in table 16 on input line 1118.


Package longtable Warning: Column widths have changed
(longtable)                in table 17 on input line 1134.

[34] [35] [36] [37]
warning  (file monthly report/79_YH02a-25_MonReport1_01.pdf) (pdf inclusion): PD
F inclusion: found PDF version '1.6', but at most version '1.5' allowed
<monthly report/79_YH02a-25_MonReport1_01.pdf, id=171, 597.6729pt x 844.8363pt>

File: monthly report/79_YH02a-25_MonReport1_01.pdf Graphic file (type pdf)
<use monthly report/79_YH02a-25_MonReport1_01.pdf>
Package luatex.def Info: monthly report/79_YH02a-25_MonReport1_01.pdf  used on 
input line 1174.
(luatex.def)             Requested size: 525.23764pt x 742.49141pt.

LaTeX Warning: Float too large for page by 5.84949pt on input line 1175.

<monthly report/79_YH02a-25_MonReport2_01.pdf, id=172, 597.6729pt x 844.8363pt>

File: monthly report/79_YH02a-25_MonReport2_01.pdf Graphic file (type pdf)
<use monthly report/79_YH02a-25_MonReport2_01.pdf>
Package luatex.def Info: monthly report/79_YH02a-25_MonReport2_01.pdf  used on 
input line 1178.
(luatex.def)             Requested size: 525.23764pt x 742.49141pt.

LaTeX Warning: Float too large for page by 5.84949pt on input line 1179.


warning  (file monthly report/79_YH02a-25_MonReport3_01.pdf) (pdf inclusion): PD
F inclusion: found PDF version '1.7', but at most version '1.5' allowed
<monthly report/79_YH02a-25_MonReport3_01.pdf, id=173, 597.73312pt x 844.90656p
t>
File: monthly report/79_YH02a-25_MonReport3_01.pdf Graphic file (type pdf)
<use monthly report/79_YH02a-25_MonReport3_01.pdf>
Package luatex.def Info: monthly report/79_YH02a-25_MonReport3_01.pdf  used on 
input line 1182.
(luatex.def)             Requested size: 525.23764pt x 742.47578pt.

LaTeX Warning: Float too large for page by 5.83386pt on input line 1183.

[38] [39<./monthly report/79_YH02a-25_MonReport1_01.pdf>] [40<./monthly report/7
9_YH02a-25_MonReport2_01.pdf>] [41<./monthly report/79_YH02a-25_MonReport3_01.pd
f>]

Package longtable Warning: Table widths have changed. Rerun LaTeX.

(./proposal.aux)
 ***********
LaTeX2e <2023-11-01> patch level 1
L3 programming layer <2024-02-20>
 ***********


LaTeX Warning: There were undefined references.


LaTeX Warning: Label(s) may have changed. Rerun to get cross-references right.

)

Here is how much of LuaTeX's memory you used:
 19362 strings out of 476447
 244176,1977958 words of node,token memory allocated
 730 words of node memory still in use:
   6 hlist, 2 vlist, 2 rule, 2 glue, 4 kern, 1 glyph, 13 attribute, 95 glue_spec
, 13 attribute_list, 2 write nodes
   avail lists: 1:1,2:3591,3:1645,4:726,5:2085,6:1281,7:13273,8:36,9:11054,10:22
,11:1309
 40846 multiletter control sequences out of 65536+600000
 59 fonts using 16150239 bytes
 105i,14n,105p,1142b,471s stack positions out of 10000i,1000n,20000p,200000b,200000s
</usr/local/texlive/2024/texmf-dist/fonts/opentype/public/lm/lmmono10-regular.ot
f><./font/calibri-italic.ttf><./font/calibri-regular.ttf><./font/calibri-bold.tt
f></usr/local/texlive/2024/texmf-dist/fonts/type1/public/amsfonts/cm/cmex10.pfb>
</usr/local/texlive/2024/texmf-dist/fonts/type1/public/amsfonts/cm/cmmi10.pfb></
usr/local/texlive/2024/texmf-dist/fonts/type1/public/amsfonts/cm/cmmi6.pfb></usr
/local/texlive/2024/texmf-dist/fonts/type1/public/amsfonts/cm/cmmi8.pfb></usr/lo
cal/texlive/2024/texmf-dist/fonts/type1/public/amsfonts/cm/cmr10.pfb></usr/local
/texlive/2024/texmf-dist/fonts/type1/public/amsfonts/cm/cmr8.pfb></usr/local/tex
live/2024/texmf-dist/fonts/type1/public/amsfonts/cm/cmsy10.pfb></usr/local/texli
ve/2024/texmf-dist/fonts/type1/public/amsfonts/cm/cmsy6.pfb></usr/local/texlive/
2024/texmf-dist/fonts/type1/public/amsfonts/cm/cmsy8.pfb>
Output written on proposal.pdf (43 pages, 15835855 bytes).

PDF statistics: 372 PDF objects out of 1000 (max. 8388607)
 216 compressed objects within 3 object streams
 0 named destinations out of 1000 (max. 131072)
 16 words of extra memory for PDF output out of 10000 (max. 100000000)

