
(pytorch2.0) xuborong@xuborongs-MacBook-Air intrinsic % python intrinsic_calibration.py
Step 1: Reproject with provided K (zero distortion target)
Step 2: Train distortion model
  epoch 0: train=7.226053276099265e-05 val=0.0003754201752599329
  epoch 2000: train=7.218899554573e-05 val=7.025809463812038e-05
  epoch 4000: train=7.218898099381477e-05 val=7.02583056408912e-05
  epoch 6000: train=7.298681885004044e-05 val=7.059681956889108e-05
  epoch 8000: train=7.218901009764522e-05 val=7.0258101914078e-05
  best val loss: 0.000070
Final RMSE: 15.274547898966333
Step 1: Reproject with provided K (zero distortion target)
Step 2: Train distortion model
  epoch 0: train=0.39165711402893066 val=0.5116123557090759
  epoch 2000: train=0.0002525768068153411 val=0.0007274236413650215
  epoch 4000: train=9.33286064537242e-05 val=8.407059067394584e-05
  epoch 6000: train=0.00031790437060408294 val=0.0003687076095957309
  epoch 8000: train=0.00029137037927284837 val=0.000278505845926702
  best val loss: 0.000061
Final RMSE: 14.902102880153748
Step 1: Reproject with provided K (zero distortion target)
Step 2: Train distortion model
  epoch 0: train=0.0509166345000267 val=0.04981048032641411
  epoch 2000: train=7.473941514035687e-05 val=6.028991992934607e-05
  epoch 4000: train=7.473941514035687e-05 val=6.028998177498579e-05
  epoch 6000: train=7.473941514035687e-05 val=6.028991992934607e-05
  epoch 8000: train=7.473940786439925e-05 val=6.028998177498579e-05
  best val loss: 0.000060
Final RMSE: 15.09277986160172

cam0 cross-medium comparison:
  air_direct           RMSE = 7.675612 px
  water_opencv         RMSE = 4.813939 px
  poly_correction      RMSE = 15.274548 px
  mlp_correction       RMSE = 14.902103 px
  refractive           RMSE = 15.092780 px
  learned refractive index n = 0.999882 (water ≈ 1.33)
Step 1: Reproject with provided K (zero distortion target)
Step 2: Train distortion model
  epoch 0: train=0.00012495330884121358 val=0.0005742858629673719
  epoch 2000: train=0.00012488343054428697 val=0.00012679235078394413
  epoch 4000: train=0.00012488343054428697 val=0.0001267930492758751
  epoch 6000: train=0.0001248834450962022 val=0.00012679307837970555
  epoch 8000: train=0.0001249007909791544 val=0.00012687285197898746
  best val loss: 0.000127
Final RMSE: 26.624140543772796
Step 1: Reproject with provided K (zero distortion target)
Step 2: Train distortion model
  epoch 0: train=0.38569971919059753 val=0.574455201625824
  epoch 2000: train=0.0001251440407941118 val=0.00012459151912480593
  epoch 4000: train=0.0001296486589126289 val=0.0001858698669821024
  epoch 6000: train=0.00013251327618490905 val=0.00012040400179103017
  epoch 8000: train=0.00021671639115083963 val=0.00021974433911964297
  best val loss: 0.000115
Final RMSE: 26.411624832167167
Step 1: Reproject with provided K (zero distortion target)
Step 2: Train distortion model
  epoch 0: train=0.047728195786476135 val=0.046999555081129074
  epoch 2000: train=0.0001251463545486331 val=0.00012614380102604628
  epoch 4000: train=0.0001251463545486331 val=0.00012614380102604628
  epoch 6000: train=0.0001251463545486331 val=0.0001261437573703006
  epoch 8000: train=0.0001252589572686702 val=0.00012632954167202115
  best val loss: 0.000126
Final RMSE: 26.854198147117998

cam1 cross-medium comparison:
  air_direct           RMSE = 8.878738 px
  water_opencv         RMSE = 3.141679 px
  poly_correction      RMSE = 26.624141 px
  mlp_correction       RMSE = 26.411625 px
  refractive           RMSE = 26.854198 px
  learned refractive index n = 0.999752 (water ≈ 1.33)
Step 1: Reproject with provided K (zero distortion target)
Step 2: Train distortion model
  epoch 0: train=0.00012487356434576213 val=0.0051664141938090324
  epoch 2000: train=0.00024084070173557848 val=0.00019912504649255425
  epoch 4000: train=0.00014554370136465877 val=0.00017079836106859148
  epoch 6000: train=0.0001224295556312427 val=0.00012547822552733123
  epoch 8000: train=0.0001224295556312427 val=0.00012547819642350078
  best val loss: 0.000125
Final RMSE: 25.23747797306906
Step 1: Reproject with provided K (zero distortion target)
Step 2: Train distortion model
  epoch 0: train=0.568942666053772 val=0.6215986013412476
  epoch 2000: train=0.00011172896483913064 val=9.646487887948751e-05
  epoch 4000: train=0.002184788230806589 val=0.0022214981727302074
  epoch 6000: train=0.00010880529589485377 val=9.171954297926277e-05
  epoch 8000: train=0.00010533594468142837 val=9.040899021783844e-05
  best val loss: 0.000088
Final RMSE: 24.865945853647418
Step 1: Reproject with provided K (zero distortion target)
Step 2: Train distortion model
  epoch 0: train=0.10242633521556854 val=0.09831107407808304
  epoch 2000: train=0.00011920540418941528 val=0.00015029771020635962
  epoch 4000: train=0.0001192054187413305 val=0.00015029763744678348
  epoch 6000: train=0.0001192054187413305 val=0.00015029771020635962
  epoch 8000: train=0.00011997490946669132 val=0.00015067338244989514
  best val loss: 0.000150
Final RMSE: 25.614951152076667

cam2 cross-medium comparison:
  air_direct           RMSE = 8.266852 px
  water_opencv         RMSE = 1.580026 px
  poly_correction      RMSE = 25.237478 px
  mlp_correction       RMSE = 24.865946 px
  refractive           RMSE = 25.614951 px
  learned refractive index n = 0.999767 (water ≈ 1.33)
(pytorch2.0) xuborong@xuborongs-MacBook-Air intrinsic % python intrinsic_calibration.py
Step 1: Reproject with provided K (zero distortion target)
Step 2: Train distortion model
  epoch 0: train=7.308250496862456e-05 val=0.0004391114052850753
  epoch 2000: train=7.302332960534841e-05 val=6.693087925668806e-05
  epoch 4000: train=7.302332960534841e-05 val=6.693086470477283e-05
  epoch 6000: train=7.302332960534841e-05 val=6.693086470477283e-05
  epoch 8000: train=7.302334415726364e-05 val=6.693087198073044e-05
  epoch 10000: train=7.302334415726364e-05 val=6.693055911455303e-05
  epoch 12000: train=7.302332960534841e-05 val=6.693087925668806e-05
  epoch 14000: train=7.302332960534841e-05 val=6.693087925668806e-05
  epoch 16000: train=7.302332960534841e-05 val=6.693087925668806e-05
  epoch 18000: train=7.302334415726364e-05 val=6.693099567200989e-05
  epoch 20000: train=7.302332960534841e-05 val=6.693087925668806e-05
  epoch 22000: train=7.302372250705957e-05 val=6.695502816000953e-05
  epoch 24000: train=7.302332960534841e-05 val=6.693086470477283e-05
  epoch 26000: train=7.327891944441944e-05 val=8.969306509243324e-05
  epoch 28000: train=7.757005369057879e-05 val=6.702812970615923e-05
  epoch 30000: train=7.302332960534841e-05 val=6.693087925668806e-05
  epoch 32000: train=7.302332960534841e-05 val=6.693220348097384e-05
  epoch 34000: train=7.302333688130602e-05 val=6.693086470477283e-05
  epoch 36000: train=7.302332960534841e-05 val=6.693098112009466e-05
  epoch 38000: train=7.334718975471333e-05 val=6.696454511256889e-05
  epoch 40000: train=7.302332960534841e-05 val=6.693087925668806e-05
  epoch 42000: train=7.302332960534841e-05 val=6.693086470477283e-05
  epoch 44000: train=7.302333688130602e-05 val=6.693087925668806e-05
  epoch 46000: train=7.302331505343318e-05 val=6.693087925668806e-05
  epoch 48000: train=7.654250657651573e-05 val=6.834414671175182e-05
  epoch 50000: train=7.302332960534841e-05 val=6.693087925668806e-05
  epoch 52000: train=7.30233223293908e-05 val=6.693087198073044e-05
  epoch 54000: train=7.311153603950515e-05 val=6.69621949782595e-05
  epoch 56000: train=7.385009666904807e-05 val=6.748255691491067e-05
  epoch 58000: train=7.310030923690647e-05 val=6.684669642709196e-05
  epoch 60000: train=7.302333688130602e-05 val=6.693088653264567e-05
  epoch 62000: train=7.302332960534841e-05 val=6.693086470477283e-05
  epoch 64000: train=7.302334415726364e-05 val=6.693086470477283e-05
  epoch 66000: train=7.302332960534841e-05 val=6.693085742881522e-05
  epoch 68000: train=7.302332960534841e-05 val=6.693087925668806e-05
  epoch 70000: train=7.302334415726364e-05 val=6.693045725114644e-05
  epoch 72000: train=7.302333688130602e-05 val=6.693087198073044e-05
  epoch 74000: train=7.302332960534841e-05 val=6.693087925668806e-05
  epoch 76000: train=7.302332960534841e-05 val=6.693086470477283e-05
  epoch 78000: train=7.302332960534841e-05 val=6.693087925668806e-05
  epoch 80000: train=7.302335143322125e-05 val=6.693282921332866e-05
  epoch 82000: train=7.30277388356626e-05 val=6.692136958008632e-05
  epoch 84000: train=7.302332960534841e-05 val=6.693088653264567e-05
  epoch 86000: train=7.302332960534841e-05 val=6.693087925668806e-05
  epoch 88000: train=7.302332960534841e-05 val=6.693087925668806e-05
  epoch 90000: train=7.563986582681537e-05 val=7.548717258032411e-05
  epoch 92000: train=7.302332960534841e-05 val=6.693086470477283e-05
  epoch 94000: train=7.444676157319918e-05 val=6.814590597059578e-05
  epoch 96000: train=7.302332960534841e-05 val=6.693087925668806e-05
  epoch 98000: train=7.302332960534841e-05 val=6.693086470477283e-05
  best val loss: 0.000067
Final RMSE: 15.199735873945098
Step 1: Reproject with provided K (zero distortion target)
Step 2: Train distortion model
  epoch 0: train=0.3037514090538025 val=0.960354208946228
  epoch 2000: train=6.731913890689611e-05 val=7.569041918031871e-05
  epoch 4000: train=0.0003792048373725265 val=0.00033730996074154973
  epoch 6000: train=6.291229510679841e-05 val=7.07269791746512e-05
  epoch 8000: train=8.409054134972394e-05 val=8.315191371366382e-05
  epoch 10000: train=0.00010224958532489836 val=0.0007322199526242912
  epoch 12000: train=6.240449147298932e-05 val=7.458950858563185e-05
  epoch 14000: train=0.00018617918249219656 val=0.00019035182776860893
  epoch 16000: train=0.0004401165642775595 val=0.0002423937403364107
  epoch 18000: train=5.7799956266535446e-05 val=7.588857260998338e-05
  epoch 20000: train=0.00023578733089379966 val=0.0002563755551818758
  epoch 22000: train=7.870097761042416e-05 val=0.00010032656427938491
  epoch 24000: train=0.00014555873349308968 val=0.00015807589807081968
  epoch 26000: train=8.369101851712912e-05 val=0.00013489139382727444
  epoch 28000: train=8.980839629657567e-05 val=0.00011745105439331383
  epoch 30000: train=6.846729229437187e-05 val=9.423472511116415e-05
  epoch 32000: train=6.680467049591243e-05 val=9.771814802661538e-05
  epoch 34000: train=0.00016759478603489697 val=0.0002469465252943337
  epoch 36000: train=0.00010417736484669149 val=0.0001066529075615108
  epoch 38000: train=5.8185523812426254e-05 val=0.00010512462904443964
  epoch 40000: train=5.507729292730801e-05 val=0.00010180421668337658
  epoch 42000: train=5.860529199708253e-05 val=0.00010038854088634253
  epoch 44000: train=4.759689181810245e-05 val=9.361002594232559e-05
  epoch 46000: train=6.266819400480017e-05 val=0.00010759274300653487
  epoch 48000: train=0.00021296858903951943 val=0.00033254845766350627
  epoch 50000: train=5.057565067545511e-05 val=0.00010271098290104419
  epoch 52000: train=0.00010919729538727552 val=0.0001664558658376336
  epoch 54000: train=5.565355240833014e-05 val=0.00010972509335260838
  epoch 56000: train=4.807013465324417e-05 val=0.00010337271669413894
  epoch 58000: train=0.00014077375817578286 val=0.00017923553241416812
  epoch 60000: train=0.0002165514015359804 val=0.000279533356660977
  epoch 62000: train=0.000231966347200796 val=0.00033318408532068133
  epoch 64000: train=0.0020106849260628223 val=0.00198079040274024
  epoch 66000: train=0.001919188187457621 val=0.0006896661943756044
  epoch 68000: train=0.0003318936505820602 val=0.0002526825701352209
  epoch 70000: train=0.00010034335718955845 val=0.00018080693553201854
  epoch 72000: train=0.0003404088784009218 val=0.00043088424718007445
  epoch 74000: train=0.0003276689094491303 val=0.0005028750747442245
  epoch 76000: train=0.00010082652443088591 val=0.00012700217484962195
  epoch 78000: train=0.00013824700727127492 val=0.00011032808833988383
  epoch 80000: train=9.11208480829373e-05 val=0.00010834465501829982
  epoch 82000: train=0.0005246715736575425 val=0.000680424040183425
  epoch 84000: train=9.691045852378011e-05 val=0.00012783912825398147
  epoch 86000: train=0.00024771090829744935 val=0.0003041363670490682
  epoch 88000: train=0.0003931177197955549 val=0.0005222219624556601
  epoch 90000: train=9.054053225554526e-05 val=9.80676559265703e-05
  epoch 92000: train=6.893435056554154e-05 val=8.817296475172043e-05
  epoch 94000: train=0.00045528114424087107 val=0.00018269411521032453
  epoch 96000: train=0.0007910198182798922 val=0.0010027249809354544
  epoch 98000: train=0.00022074731532484293 val=0.0002636756398715079
  best val loss: 0.000071
Final RMSE: 14.882929542149068
Step 1: Reproject with provided K (zero distortion target)
Step 2: Train distortion model
  epoch 0: train=0.05067598819732666 val=0.05217820033431053
  epoch 2000: train=0.00022433703998103738 val=0.0002261409827042371
  epoch 4000: train=0.00010621897672535852 val=0.00010177958756685257
  epoch 6000: train=8.35848695714958e-05 val=7.781945168972015e-05
  epoch 8000: train=7.683679723413661e-05 val=7.06229911884293e-05
  epoch 10000: train=7.45220750104636e-05 val=6.81275560054928e-05
  epoch 12000: train=7.368194928858429e-05 val=6.720623787259683e-05
  epoch 14000: train=7.336775888688862e-05 val=6.685245898552239e-05
  epoch 16000: train=7.324723992496729e-05 val=6.671157461823896e-05
  epoch 18000: train=7.319973519770429e-05 val=6.665294495178387e-05
  epoch 20000: train=7.31802501832135e-05 val=6.662729720119387e-05
  epoch 22000: train=7.317193376366049e-05 val=6.661559018539265e-05
  epoch 24000: train=7.316826668102294e-05 val=6.660998769802973e-05
  epoch 26000: train=7.316660776268691e-05 val=6.6607361077331e-05
  epoch 28000: train=7.31658874428831e-05 val=6.660619692411274e-05
  epoch 30000: train=7.316558185266331e-05 val=6.660563667537645e-05
  epoch 32000: train=7.316542905755341e-05 val=6.660540384473279e-05
  epoch 34000: train=7.316535629797727e-05 val=6.660527287749574e-05
  epoch 36000: train=7.316533447010443e-05 val=6.660516373813152e-05
  epoch 38000: train=7.316530536627397e-05 val=6.660515646217391e-05
  epoch 40000: train=7.316528353840113e-05 val=6.660512735834345e-05
  epoch 42000: train=7.31652689864859e-05 val=6.660511280642822e-05
  epoch 44000: train=7.316525443457067e-05 val=6.660509097855538e-05
  epoch 46000: train=7.316525443457067e-05 val=6.660509097855538e-05
  epoch 48000: train=7.316525443457067e-05 val=6.660509097855538e-05
  epoch 50000: train=7.316525443457067e-05 val=6.660509097855538e-05
  epoch 52000: train=7.316523988265544e-05 val=6.660504004685208e-05
  epoch 54000: train=7.316523988265544e-05 val=6.660504004685208e-05
  epoch 56000: train=7.316523988265544e-05 val=6.660504004685208e-05
  epoch 58000: train=7.316523988265544e-05 val=6.660504004685208e-05
  epoch 60000: train=7.316523988265544e-05 val=6.660504004685208e-05
  epoch 62000: train=7.316523988265544e-05 val=6.660504004685208e-05
  epoch 64000: train=7.316523988265544e-05 val=6.660504004685208e-05
  epoch 66000: train=7.316521077882499e-05 val=6.660500366706401e-05
  epoch 68000: train=7.316521077882499e-05 val=6.660500366706401e-05
  epoch 70000: train=7.316521077882499e-05 val=6.660500366706401e-05
  epoch 72000: train=7.316521077882499e-05 val=6.660500366706401e-05
  epoch 74000: train=7.316521077882499e-05 val=6.660500366706401e-05
  epoch 76000: train=7.316521077882499e-05 val=6.660500366706401e-05
  epoch 78000: train=7.316521077882499e-05 val=6.660500366706401e-05
  epoch 80000: train=7.316521077882499e-05 val=6.660500366706401e-05
  epoch 82000: train=7.316521077882499e-05 val=6.660500366706401e-05
  epoch 84000: train=7.316521077882499e-05 val=6.660500366706401e-05
  epoch 86000: train=7.316521077882499e-05 val=6.660500366706401e-05
  epoch 88000: train=7.316521077882499e-05 val=6.660500366706401e-05
  epoch 90000: train=7.316521077882499e-05 val=6.660500366706401e-05
  epoch 92000: train=7.316521077882499e-05 val=6.660500366706401e-05
  epoch 94000: train=7.316521077882499e-05 val=6.660500366706401e-05
  epoch 96000: train=7.316521077882499e-05 val=6.660500366706401e-05
  epoch 98000: train=7.316521077882499e-05 val=6.660500366706401e-05
  best val loss: 0.000067
Final RMSE: 15.090307870052234

cam0 cross-medium comparison:
  air_direct           RMSE = 7.675612 px
  water_opencv         RMSE = 4.813939 px
  poly_correction      RMSE = 15.199736 px
  mlp_correction       RMSE = 14.882930 px
  refractive           RMSE = 15.090308 px
  learned refractive index n = 1.000000 (water ≈ 1.33)
Step 1: Reproject with provided K (zero distortion target)
Step 2: Train distortion model
  epoch 0: train=0.00012592911662068218 val=0.0005965240998193622
  epoch 2000: train=0.0001258035481441766 val=0.00012310051533859223
  epoch 4000: train=0.00012580353359226137 val=0.00012310051533859223
  epoch 6000: train=0.0001258035481441766 val=0.000123100500786677
  epoch 8000: train=0.0001258037518709898 val=0.00012310361489653587
  epoch 10000: train=0.00012580351904034615 val=0.00012310006422922015
  epoch 12000: train=0.0001258035481441766 val=0.00012310052989050746
  epoch 14000: train=0.00012580363545566797 val=0.00012310351303312927
  epoch 16000: train=0.0001258035481441766 val=0.000123100500786677
  epoch 18000: train=0.0001258035481441766 val=0.000123100500786677
  epoch 20000: train=0.0001258035481441766 val=0.00012310051533859223
  epoch 22000: train=0.0001258035481441766 val=0.00012310061720199883
  epoch 24000: train=0.0001258035481441766 val=0.00012310102465562522
  epoch 26000: train=0.0001258062111446634 val=0.0001231194764841348
  epoch 28000: train=0.00012580353359226137 val=0.0001231000351253897
  epoch 30000: train=0.00012580353359226137 val=0.00012310032616369426
  epoch 32000: train=0.00012582234921865165 val=0.00012317163054831326
  epoch 34000: train=0.0001258035481441766 val=0.000123100500786677
  epoch 36000: train=0.00012818691902793944 val=0.0001239765260834247
  epoch 38000: train=0.0001258035481441766 val=0.000123100500786677
  epoch 40000: train=0.0001258035481441766 val=0.000123100500786677
  epoch 42000: train=0.00012580369366332889 val=0.00012309910380281508
  epoch 44000: train=0.0001258035481441766 val=0.00012310052989050746
  epoch 46000: train=0.00012580353359226137 val=0.00012310048623476177
  epoch 48000: train=0.0001258035481441766 val=0.00012310048623476177
  epoch 50000: train=0.0001258036500075832 val=0.0001230988564202562
  epoch 52000: train=0.00012580353359226137 val=0.0001231006463058293
  epoch 54000: train=0.0001258035481441766 val=0.000123100500786677
  epoch 56000: train=0.00012580363545566797 val=0.00012310082092881203
  epoch 58000: train=0.0001258035481441766 val=0.00012309991871006787
  epoch 60000: train=0.00012580356269609183 val=0.00012310032616369426
  epoch 62000: train=0.00012580351904034615 val=0.00012310018064454198
  epoch 64000: train=0.00012593352585099638 val=0.00012359449465293437
  epoch 66000: train=0.0001258035481441766 val=0.00012310051533859223
  epoch 68000: train=0.0001258035481441766 val=0.000123100500786677
  epoch 70000: train=0.00012623969814740121 val=0.00012702618550974876
  epoch 72000: train=0.00012580951442942023 val=0.00012310247984714806
  epoch 74000: train=0.00012708359281532466 val=0.00012420216808095574
  epoch 76000: train=0.00012654362944886088 val=0.00012425197928678244
  epoch 78000: train=0.00012580376642290503 val=0.0001231048663612455
  epoch 80000: train=0.0001258035481441766 val=0.000123100500786677
  epoch 82000: train=0.00012580353359226137 val=0.0001231019850820303
  epoch 84000: train=0.00012580353359226137 val=0.00012310038437135518
  epoch 86000: train=0.00012580351904034615 val=0.00012310051533859223
  epoch 88000: train=0.0001258035481441766 val=0.0001231008645845577
  epoch 90000: train=0.0001258035481441766 val=0.000123100500786677
  epoch 92000: train=0.00012580762268044055 val=0.00012311202590353787
  epoch 94000: train=0.00012580353359226137 val=0.000123100500786677
  epoch 96000: train=0.0001258050324395299 val=0.00012310319289099425
  epoch 98000: train=0.0001258035481441766 val=0.000123100500786677
  best val loss: 0.000123
Final RMSE: 26.687774507609003
Step 1: Reproject with provided K (zero distortion target)
Step 2: Train distortion model
  epoch 0: train=0.6221427321434021 val=0.30635711550712585
  epoch 2000: train=0.00012589231482706964 val=0.0001249796914635226
  epoch 4000: train=0.00012335603241808712 val=0.00012507067003753036
  epoch 6000: train=0.00013976177433505654 val=0.00013557517377194017
  epoch 8000: train=0.00014681402535643429 val=0.00015554128913208842
  epoch 10000: train=0.00015222103684209287 val=0.00015421527496073395
  epoch 12000: train=0.00015517242718487978 val=0.00019036768935620785
  epoch 14000: train=0.00011004106636391953 val=0.00011915298091480508
  epoch 16000: train=0.00010889468831010163 val=0.00011905556311830878
  epoch 18000: train=0.00017034439952112734 val=0.00021352243493311107
  epoch 20000: train=0.00011348502448527142 val=0.00013087900879327208
  epoch 22000: train=0.00012053615500917658 val=0.00014028188888914883
  epoch 24000: train=0.0001711513614282012 val=0.00021974931587465107
  epoch 26000: train=0.00040447278297506273 val=0.0004499245551414788
  epoch 28000: train=0.00015276447811629623 val=0.00017125776503235102
  epoch 30000: train=0.00011404556425986812 val=0.00013609658344648778
  epoch 32000: train=0.0001604575227247551 val=0.00020644316100515425
  epoch 34000: train=0.00010644934081938118 val=0.00013041628699284047
  epoch 36000: train=0.00030717282788828015 val=0.0002892627671826631
  epoch 38000: train=0.00011649951920844615 val=0.00013719430717173964
  epoch 40000: train=9.944399062078446e-05 val=0.0001233638176927343
  epoch 42000: train=0.00028646326973102987 val=0.00021699270291719586
  epoch 44000: train=0.00011390711006242782 val=0.00014896020002197474
  epoch 46000: train=0.00021866282622795552 val=0.0002177903224946931
  epoch 48000: train=0.00011146838369313627 val=0.00013388127263169736
  epoch 50000: train=0.00012127822265028954 val=0.0001515943295089528
  epoch 52000: train=0.00017778732581064105 val=0.0002105692692566663
  epoch 54000: train=0.00034833073732443154 val=0.0004711493384093046
  epoch 56000: train=0.00014575233217328787 val=0.00016562381642870605
  epoch 58000: train=0.00010372894757892936 val=0.00013200043758843094
  epoch 60000: train=0.00010245332669001073 val=0.00012548555969260633
  epoch 62000: train=0.00018000609998125583 val=0.00019244282157160342
  epoch 64000: train=0.00015018903650343418 val=0.00016557812341488898
  epoch 66000: train=9.596458403393626e-05 val=0.0001259111741092056
  epoch 68000: train=0.00011383664968889207 val=0.00015205974341370165
  epoch 70000: train=0.000153046814375557 val=0.00019430930842645466
  epoch 72000: train=0.00012785317085217685 val=0.00016640248941257596
  epoch 74000: train=0.0001385996292810887 val=0.00018049035861622542
  epoch 76000: train=0.0001014951994875446 val=0.00013520462380256504
  epoch 78000: train=0.00010471160931047052 val=0.0001363098417641595
  epoch 80000: train=0.00011614021786954254 val=0.00014178131823427975
  epoch 82000: train=0.00010775597183965147 val=0.00013479457993526012
  epoch 84000: train=0.00012156637967564166 val=0.00014953489881008863
  epoch 86000: train=9.656391921453178e-05 val=0.00012471902300603688
  epoch 88000: train=9.89292748272419e-05 val=0.0001265425671590492
  epoch 90000: train=9.730879537528381e-05 val=0.00012857801630161703
  epoch 92000: train=9.436430991627276e-05 val=0.0001264774618903175
  epoch 94000: train=0.0003708458098117262 val=0.0005029072053730488
  epoch 96000: train=9.961792966350913e-05 val=0.0001315642148256302
  epoch 98000: train=0.00020841925288550556 val=0.0002311502757947892
  best val loss: 0.000118
Final RMSE: 26.57820378807228
Step 1: Reproject with provided K (zero distortion target)
Step 2: Train distortion model
  epoch 0: train=0.048061732202768326 val=0.04700329154729843
  epoch 2000: train=0.00026837224140763283 val=0.00027123017935082316
  epoch 4000: train=0.0001559931260999292 val=0.00016124031390063465
  epoch 6000: train=0.00013435338041745126 val=0.00014002366515342146
  epoch 8000: train=0.00012784881982952356 val=0.000133630441268906
  epoch 10000: train=0.00012558851449284703 val=0.0001313992979703471
  epoch 12000: train=0.00012475175026338547 val=0.0001305683981627226
  epoch 14000: train=0.00012442891602404416 val=0.00013024479267187417
  epoch 16000: train=0.00012429963680915534 val=0.00013011354894842952
  epoch 18000: train=0.00012424550368450582 val=0.00013005785876885056
  epoch 20000: train=0.00012422192958183587 val=0.00013003317872062325
  epoch 22000: train=0.00012421136489138007 val=0.0001300219155382365
  epoch 24000: train=0.00012420662096701562 val=0.00013001680781599134
  epoch 26000: train=0.00012420456914696842 val=0.0001300145813729614
  epoch 28000: train=0.00012420369603205472 val=0.0001300136500503868
  epoch 30000: train=0.00012420336133800447 val=0.00013001325714867562
  epoch 32000: train=0.00012420321581885219 val=0.0001300130970776081
  epoch 34000: train=0.00012420314305927604 val=0.00013001302431803197
  epoch 36000: train=0.0001242030702996999 val=0.00013001296611037105
  epoch 38000: train=0.0001242030702996999 val=0.00013001296611037105
  epoch 40000: train=0.00012420302664395422 val=0.00013001290790271014
  epoch 42000: train=0.00012420302664395422 val=0.00013001290790271014
  epoch 44000: train=0.00012420302664395422 val=0.00013001290790271014
  epoch 46000: train=0.00012420302664395422 val=0.00013001290790271014
  epoch 48000: train=0.0001242029684362933 val=0.000130012835143134
  epoch 50000: train=0.0001242029684362933 val=0.000130012835143134
  epoch 52000: train=0.0001242029684362933 val=0.000130012835143134
  epoch 54000: train=0.0001242029684362933 val=0.000130012835143134
  epoch 56000: train=0.0001242029684362933 val=0.000130012835143134
  epoch 58000: train=0.0001242029684362933 val=0.000130012835143134
  epoch 60000: train=0.0001242029684362933 val=0.000130012835143134
  epoch 62000: train=0.0001242029684362933 val=0.000130012835143134
  epoch 64000: train=0.0001242029684362933 val=0.000130012835143134
  epoch 66000: train=0.0001242029684362933 val=0.000130012835143134
  epoch 68000: train=0.0001242029684362933 val=0.000130012835143134
  epoch 70000: train=0.0001242029684362933 val=0.000130012835143134
  epoch 72000: train=0.0001242029684362933 val=0.000130012835143134
  epoch 74000: train=0.0001242029684362933 val=0.000130012835143134
  epoch 76000: train=0.0001242029684362933 val=0.000130012835143134
  epoch 78000: train=0.0001242029684362933 val=0.000130012835143134
  epoch 80000: train=0.0001242029684362933 val=0.000130012835143134
  epoch 82000: train=0.0001242029684362933 val=0.000130012835143134
  epoch 84000: train=0.00012420295388437808 val=0.000130012835143134
  epoch 86000: train=0.00012420295388437808 val=0.000130012835143134
  epoch 88000: train=0.00012420295388437808 val=0.000130012835143134
  epoch 90000: train=0.00012420295388437808 val=0.000130012835143134
  epoch 92000: train=0.00012420295388437808 val=0.000130012835143134
  epoch 94000: train=0.00012420295388437808 val=0.000130012835143134
  epoch 96000: train=0.00012420295388437808 val=0.000130012835143134
  epoch 98000: train=0.00012420295388437808 val=0.000130012835143134
  best val loss: 0.000130
Final RMSE: 26.668553138505946

cam1 cross-medium comparison:
  air_direct           RMSE = 8.878738 px
  water_opencv         RMSE = 3.141679 px
  poly_correction      RMSE = 26.687775 px
  mlp_correction       RMSE = 26.578204 px
  refractive           RMSE = 26.668553 px
  learned refractive index n = 1.000000 (water ≈ 1.33)
Step 1: Reproject with provided K (zero distortion target)
Step 2: Train distortion model
  epoch 0: train=0.00012352831254247576 val=0.00521728815510869
  epoch 2000: train=0.0001215173615491949 val=0.00012920690642204136
  epoch 4000: train=0.00012151736882515252 val=0.00012920690642204136
  epoch 6000: train=0.00012151737610111013 val=0.00012920681911054999
  epoch 8000: train=0.00012151738337706774 val=0.0001292069355258718
  epoch 10000: train=0.00012151736882515252 val=0.0001292069791816175
  epoch 12000: train=0.00012195789895486087 val=0.0001290010695811361
  epoch 14000: train=0.0001957212807610631 val=0.00018371149781160057
  epoch 16000: train=0.00012151737610111013 val=0.00012920690642204136
  epoch 18000: train=0.00012151735427323729 val=0.00012920689187012613
  epoch 20000: train=0.0001215173615491949 val=0.00012920689187012613
  epoch 22000: train=0.00012151739792898297 val=0.0001292057422688231
  epoch 24000: train=0.00012151736882515252 val=0.00012920692097395658
  epoch 26000: train=0.00012151737610111013 val=0.00012920690642204136
  epoch 28000: train=0.00012151736882515252 val=0.00012920689187012613
  epoch 30000: train=0.00012151736882515252 val=0.00012920690642204136
  epoch 32000: train=0.00012151752889622003 val=0.00012920566950924695
  epoch 34000: train=0.00012151736882515252 val=0.00012920601875521243
  epoch 36000: train=0.00012151736882515252 val=0.0001292065717279911
  epoch 38000: train=0.00012151739792898297 val=0.00012920824519824237
  epoch 40000: train=0.0001215173615491949 val=0.00012920692097395658
  epoch 42000: train=0.00015061520389281213 val=0.00020225335902068764
  epoch 44000: train=0.00012151736882515252 val=0.00012920827430207282
  epoch 46000: train=0.00012151736882515252 val=0.00012920639710500836
  epoch 48000: train=0.0001215173615491949 val=0.00012920700828544796
  epoch 50000: train=0.00012151827104389668 val=0.00012911416706629097
  epoch 52000: train=0.00012151777627877891 val=0.0001291985681746155
  epoch 54000: train=0.00012151736882515252 val=0.0001292069355258718
  epoch 56000: train=0.00012247287668287754 val=0.00012897205306217074
  epoch 58000: train=0.00012152241833973676 val=0.00012911827070638537
  epoch 60000: train=0.00012151737610111013 val=0.00012920692097395658
  epoch 62000: train=0.00012151736882515252 val=0.00012920692097395658
  epoch 64000: train=0.00012151738337706774 val=0.0001292073866352439
  epoch 66000: train=0.0001215173615491949 val=0.00012920692097395658
  epoch 68000: train=0.00014301782357506454 val=0.00013971977750770748
  epoch 70000: train=0.0001215173615491949 val=0.0001292069355258718
  epoch 72000: train=0.0001215173615491949 val=0.00012920692097395658
  epoch 74000: train=0.00012151736882515252 val=0.00012920692097395658
  epoch 76000: train=0.0002003539993893355 val=0.0003873697423841804
  epoch 78000: train=0.00012151835835538805 val=0.0001291510707233101
  epoch 80000: train=0.00012151739792898297 val=0.00012920008157379925
  epoch 82000: train=0.00012151912960689515 val=0.0001291641965508461
  epoch 84000: train=0.00012151738337706774 val=0.00012920721201226115
  epoch 86000: train=0.0001215173615491949 val=0.00012920692097395658
  epoch 88000: train=0.00012151736882515252 val=0.00012920692097395658
  epoch 90000: train=0.00012151739792898297 val=0.00012921373127028346
  epoch 92000: train=0.00012151736882515252 val=0.00012920692097395658
  epoch 94000: train=0.00012177495227660984 val=0.00012937886640429497
  epoch 96000: train=0.00012226050603203475 val=0.00016239105025306344
  epoch 98000: train=0.00012151737610111013 val=0.00012920692097395658
  best val loss: 0.000129
Final RMSE: 25.60548749774614
Step 1: Reproject with provided K (zero distortion target)
Step 2: Train distortion model
  epoch 0: train=0.6437710523605347 val=0.24565421044826508
  epoch 2000: train=0.00010149578156415373 val=0.00011154978710692376
  epoch 4000: train=0.00010572696919552982 val=0.00011926577280974016
  epoch 6000: train=0.00010073574958369136 val=0.00011221868771826848
  epoch 8000: train=0.00010220284457318485 val=0.00011643086327239871
  epoch 10000: train=0.0001858236500993371 val=0.00014566461322829127
  epoch 12000: train=0.00010526732512516901 val=0.00012830937339458615
  epoch 14000: train=0.00036475688102655113 val=0.0004171813779976219
  epoch 16000: train=0.0001851735869422555 val=0.00021278447820805013
  epoch 18000: train=9.86810919130221e-05 val=0.00011325553350616246
  epoch 20000: train=0.0001334674161626026 val=0.00016460369806736708
  epoch 22000: train=0.0002226971264462918 val=0.00027019978733733296
  epoch 24000: train=0.00011360137432347983 val=0.0001243212609551847
  epoch 26000: train=9.116028377320617e-05 val=0.00011033331975340843
  epoch 28000: train=0.00010334390390198678 val=0.00012527228682301939
  epoch 30000: train=0.00010152297909371555 val=0.00016256382514256984
  epoch 32000: train=0.00028638914227485657 val=0.00031916331499814987
  epoch 34000: train=0.00027473404770717025 val=0.0003326076839584857
  epoch 36000: train=8.576567051932216e-05 val=0.00011191693192813545
  epoch 38000: train=0.00010446863598190248 val=0.00013645592844113708
  epoch 40000: train=0.0001526878768345341 val=0.000187584082596004
  epoch 42000: train=0.00012180778139736503 val=0.00015473866369575262
  epoch 44000: train=9.423221490578726e-05 val=0.0001249286433449015
  epoch 46000: train=0.00013639408280141652 val=0.0001610858307685703
  epoch 48000: train=8.102896390482783e-05 val=0.00011328799155307934
  epoch 50000: train=0.000110465960460715 val=0.00014408433344215155
  epoch 52000: train=0.00014187817578203976 val=0.00014385776012204587
  epoch 54000: train=0.00012233087909407914 val=0.00014211333473213017
  epoch 56000: train=7.971026934683323e-05 val=0.00011257288861088455
  epoch 58000: train=8.295087172882631e-05 val=0.00011825728870462626
  epoch 60000: train=9.5515169959981e-05 val=0.0001294644025620073
  epoch 62000: train=0.00012141545448685065 val=0.00015994168643373996
  epoch 64000: train=0.00017403527454007417 val=0.00016709265764802694
  epoch 66000: train=7.884811930125579e-05 val=0.00011524435103638098
  epoch 68000: train=0.00019136906485073268 val=0.00024203532666433603
  epoch 70000: train=0.0001092841339414008 val=0.00014836523041594774
  epoch 72000: train=0.00018932821694761515 val=0.00022989482386037707
  epoch 74000: train=8.554395753890276e-05 val=0.0001265579485334456
  epoch 76000: train=9.258490899810567e-05 val=0.00012976943980902433
  epoch 78000: train=0.00013011218106839806 val=0.0001327983773080632
  epoch 80000: train=7.399220339721069e-05 val=0.00011240295134484768
  epoch 82000: train=0.00021640076010953635 val=0.0002118665724992752
  epoch 84000: train=0.00012970590614713728 val=0.0001739230938255787
  epoch 86000: train=0.00012058964057359844 val=0.0001589716412127018
  epoch 88000: train=9.290000889450312e-05 val=0.00013304720050655305
  epoch 90000: train=7.653014472452924e-05 val=0.00012171154958195984
  epoch 92000: train=0.002039356157183647 val=0.0022337334230542183
  epoch 94000: train=0.00024300430959556252 val=0.00028066113009117544
  epoch 96000: train=0.0005864135455340147 val=0.0007318270509131253
  epoch 98000: train=0.00018072937382385135 val=0.0002293598954565823
  best val loss: 0.000109
Final RMSE: 24.63778070126075
Step 1: Reproject with provided K (zero distortion target)
Step 2: Train distortion model
  epoch 0: train=0.10139357298612595 val=0.10490742325782776
  epoch 2000: train=0.0004201548872515559 val=0.00044674394303001463
  epoch 4000: train=0.00018800588441081345 val=0.00020080001559108496
  epoch 6000: train=0.00014397177437786013 val=0.00015399807307403535
  epoch 8000: train=0.00013087733532302082 val=0.00014002525131218135
  epoch 10000: train=0.00012638162297662348 val=0.00013520216452889144
  epoch 12000: train=0.00012474428513087332 val=0.00013342982856556773
  epoch 14000: train=0.00012412763317115605 val=0.00013275413948576897
  epoch 16000: train=0.000123888356029056 val=0.00013248680625110865
  epoch 18000: train=0.00012379250256344676 val=0.00013237696839496493
  epoch 20000: train=0.00012375238293316215 val=0.00013232950004749
  epoch 22000: train=0.0001237350224982947 val=0.00013230825425125659
  epoch 24000: train=0.00012372719356790185 val=0.00013229840260464698
  epoch 26000: train=0.00012372364290058613 val=0.00013229381875135005
  epoch 28000: train=0.00012372215860523283 val=0.00013229186879470944
  epoch 30000: train=0.00012372154742479324 val=0.0001322910247836262
  epoch 32000: train=0.00012372122728265822 val=0.00013229063188191503
  epoch 34000: train=0.0001237211108673364 val=0.00013229047181084752
  epoch 36000: train=0.00012372105265967548 val=0.00013229042815510184
  epoch 38000: train=0.00012372099445201457 val=0.0001322903553955257
  epoch 40000: train=0.00012372099445201457 val=0.0001322903553955257
  epoch 42000: train=0.00012372099445201457 val=0.0001322903553955257
  epoch 44000: train=0.0001237209653481841 val=0.00013229029718786478
  epoch 46000: train=0.0001237209653481841 val=0.00013229029718786478
  epoch 48000: train=0.0001237209653481841 val=0.00013229029718786478
  epoch 50000: train=0.0001237209653481841 val=0.00013229029718786478
  epoch 52000: train=0.0001237209653481841 val=0.00013229029718786478
  epoch 54000: train=0.0001237209653481841 val=0.00013229029718786478
  epoch 56000: train=0.0001237209653481841 val=0.00013229029718786478
  epoch 58000: train=0.0001237209653481841 val=0.00013229029718786478
  epoch 60000: train=0.0001237209653481841 val=0.00013229029718786478
  epoch 62000: train=0.0001237209653481841 val=0.00013229029718786478
  epoch 64000: train=0.0001237209653481841 val=0.00013229029718786478
  epoch 66000: train=0.0001237209653481841 val=0.00013229029718786478
  epoch 68000: train=0.0001237209653481841 val=0.00013229029718786478
  epoch 70000: train=0.0001237209071405232 val=0.0001322902098763734
  epoch 72000: train=0.0001237209071405232 val=0.0001322902098763734
  epoch 74000: train=0.0001237209071405232 val=0.0001322902098763734
  epoch 76000: train=0.0001237209071405232 val=0.0001322902098763734
  epoch 78000: train=0.0001237209071405232 val=0.0001322902098763734
  epoch 80000: train=0.0001237209071405232 val=0.0001322902098763734
  epoch 82000: train=0.0001237209071405232 val=0.0001322902098763734
  epoch 84000: train=0.0001237209071405232 val=0.0001322902098763734
  epoch 86000: train=0.0001237209071405232 val=0.0001322902098763734
  epoch 88000: train=0.0001237209071405232 val=0.0001322902098763734
  epoch 90000: train=0.0001237209071405232 val=0.0001322902098763734
  epoch 92000: train=0.0001237209071405232 val=0.0001322902098763734
  epoch 94000: train=0.0001237209071405232 val=0.0001322902098763734
  epoch 96000: train=0.0001237209071405232 val=0.0001322902098763734
  epoch 98000: train=0.0001237209071405232 val=0.0001322902098763734
  best val loss: 0.000132
Final RMSE: 25.324434419548638

cam2 cross-medium comparison:
  air_direct           RMSE = 8.266852 px
  water_opencv         RMSE = 1.580026 px
  poly_correction      RMSE = 25.605487 px
  mlp_correction       RMSE = 24.637781 px
  refractive           RMSE = 25.324434 px
  learned refractive index n = 1.000000 (water ≈ 1.33)
(pytorch2.0) xuborong@xuborongs-MacBook-Air intrinsic % python intrinsic_calibration.py
Step 1: Reproject with provided K (zero distortion target)
Step 2: Train distortion model
  epoch 0: train=0.05223219096660614 val=0.05155819654464722
  epoch 2000: train=0.030658604577183723 val=0.029783129692077637
  epoch 4000: train=0.030658604577183723 val=0.029783129692077637
  epoch 6000: train=0.030658604577183723 val=0.029783129692077637
  epoch 8000: train=0.030658604577183723 val=0.029783129692077637
  epoch 10000: train=0.030658604577183723 val=0.02978312410414219
  epoch 12000: train=0.030658604577183723 val=0.029783129692077637
  epoch 14000: train=0.030658604577183723 val=0.02978312410414219
  epoch 16000: train=0.030658604577183723 val=0.02978312410414219
  epoch 18000: train=0.030658602714538574 val=0.029783058911561966
  epoch 20000: train=0.030658604577183723 val=0.02978312224149704
  epoch 22000: train=0.030658600851893425 val=0.029783133417367935
  epoch 24000: train=0.030658604577183723 val=0.029783152043819427
  epoch 26000: train=0.030658602714538574 val=0.029783274978399277
  epoch 28000: train=0.030658606439828873 val=0.02978334203362465
  epoch 30000: train=0.030658602714538574 val=0.029782883822917938
  epoch 32000: train=0.030658602714538574 val=0.029783084988594055
  epoch 34000: train=0.030658602714538574 val=0.029782455414533615
  epoch 36000: train=0.030658602714538574 val=0.02978316694498062
  epoch 38000: train=0.030658602714538574 val=0.029783189296722412
  epoch 40000: train=0.030658602714538574 val=0.0297830980271101
  epoch 42000: train=0.030658606439828873 val=0.029783865436911583
  epoch 44000: train=0.030658606439828873 val=0.029782462865114212
  epoch 46000: train=0.030658602714538574 val=0.02978324145078659
  epoch 48000: train=0.030658602714538574 val=0.029783105477690697
  epoch 50000: train=0.030658606439828873 val=0.029782913625240326
  epoch 52000: train=0.030658604577183723 val=0.029783165082335472
  epoch 54000: train=0.03065861202776432 val=0.029784202575683594
  epoch 56000: train=0.030658606439828873 val=0.029782945290207863
  epoch 58000: train=0.030658606439828873 val=0.029783103615045547
  epoch 60000: train=0.030658600851893425 val=0.02978312410414219
  epoch 62000: train=0.030658606439828873 val=0.029783103615045547
  epoch 64000: train=0.030658600851893425 val=0.029783129692077637
  epoch 66000: train=0.030658606439828873 val=0.029783159494400024
  epoch 68000: train=0.030658602714538574 val=0.029783006757497787
  epoch 70000: train=0.030658606439828873 val=0.02978317067027092
  epoch 72000: train=0.030658604577183723 val=0.029783375561237335
  epoch 74000: train=0.030658606439828873 val=0.029782775789499283
  epoch 76000: train=0.030658606439828873 val=0.029783230274915695
  epoch 78000: train=0.030658606439828873 val=0.029783187434077263
  epoch 80000: train=0.030658604577183723 val=0.029783112928271294
  epoch 82000: train=0.030658606439828873 val=0.02978348359465599
  epoch 84000: train=0.030658604577183723 val=0.029783129692077637
  epoch 86000: train=0.030658604577183723 val=0.029783029109239578
  epoch 88000: train=0.030658602714538574 val=0.02978302724659443
  epoch 90000: train=0.030658602714538574 val=0.02978312410414219
  epoch 92000: train=0.030658600851893425 val=0.029783040285110474
  epoch 94000: train=0.030658606439828873 val=0.029782995581626892
  epoch 96000: train=0.030658604577183723 val=0.029783161357045174
  epoch 98000: train=0.030658606439828873 val=0.029783114790916443
  best val loss: 0.029782
Final RMSE: 165.81713515505854

cam0 cross-medium comparison:
  air_direct           RMSE = 7.675612 px
  water_opencv         RMSE = 4.813939 px
  refractive           RMSE = 165.817135 px
  learned refractive index n = 1.085933 (water ≈ 1.33)
Step 1: Reproject with provided K (zero distortion target)
Step 2: Train distortion model
  epoch 0: train=0.12266260385513306 val=0.12307499349117279
  epoch 2000: train=0.002122758887708187 val=0.002119456185027957
  epoch 4000: train=0.001761749037541449 val=0.001746484893374145
  epoch 6000: train=0.0017544733127579093 val=0.0017376575851812959
  epoch 8000: train=0.0017544712172821164 val=0.0017376290634274483
  epoch 10000: train=0.0017544709844514728 val=0.0017376290634274483
  epoch 12000: train=0.0017544711008667946 val=0.0017376289470121264
  epoch 14000: train=0.0017544712172821164 val=0.0017376289470121264
  epoch 16000: train=0.0017544711008667946 val=0.0017376287141814828
  epoch 18000: train=0.0017544711008667946 val=0.0017376287141814828
  epoch 20000: train=0.0017544711008667946 val=0.0017376288305968046
  epoch 22000: train=0.0017544711008667946 val=0.0017376287141814828
  epoch 24000: train=0.0017544711008667946 val=0.0017376288305968046
  epoch 26000: train=0.0017544709844514728 val=0.001737629296258092
  epoch 28000: train=0.0017544711008667946 val=0.0017376281321048737
  epoch 30000: train=0.0017544712172821164 val=0.001737621845677495
  epoch 32000: train=0.0017544709844514728 val=0.001737629296258092
  epoch 34000: train=0.0017544709844514728 val=0.0017376282485201955
  epoch 36000: train=0.0017544711008667946 val=0.0017376282485201955
  epoch 38000: train=0.0017544711008667946 val=0.0017376304604113102
  epoch 40000: train=0.0017544713336974382 val=0.0017376217292621732
  epoch 42000: train=0.0017544712172821164 val=0.0017376237083226442
  epoch 44000: train=0.0017544711008667946 val=0.0017376280156895518
  epoch 46000: train=0.0017544711008667946 val=0.0017376289470121264
  epoch 48000: train=0.0017544711008667946 val=0.001737630576826632
  epoch 50000: train=0.0017544709844514728 val=0.001737626502290368
  epoch 52000: train=0.0017544709844514728 val=0.001737628597766161
  epoch 54000: train=0.0017544711008667946 val=0.00173762917984277
  epoch 56000: train=0.0017544711008667946 val=0.0017376304604113102
  epoch 58000: train=0.0017544711008667946 val=0.0017376289470121264
  epoch 60000: train=0.0017544711008667946 val=0.001737628597766161
  epoch 62000: train=0.0017544711008667946 val=0.0017376317409798503
  epoch 64000: train=0.0017544712172821164 val=0.001737629296258092
  epoch 66000: train=0.0017544711008667946 val=0.0017376290634274483
  epoch 68000: train=0.0017544711008667946 val=0.001737631275318563
  epoch 70000: train=0.0017544709844514728 val=0.0017376288305968046
  epoch 72000: train=0.0017544712172821164 val=0.0017376333707943559
  epoch 74000: train=0.0017544709844514728 val=0.0017376276664435863
  epoch 76000: train=0.0017544711008667946 val=0.0017376261530444026
  epoch 78000: train=0.0017544712172821164 val=0.001737628597766161
  epoch 80000: train=0.0017544711008667946 val=0.0017376290634274483
  epoch 82000: train=0.0017544709844514728 val=0.0017376336036249995
  epoch 84000: train=0.0017544709844514728 val=0.0017376283649355173
  epoch 86000: train=0.0017544711008667946 val=0.0017376289470121264
  epoch 88000: train=0.0017544709844514728 val=0.0017376288305968046
  epoch 90000: train=0.0017544711008667946 val=0.001737629296258092
  epoch 92000: train=0.0017544711008667946 val=0.0017376304604113102
  epoch 94000: train=0.0017544709844514728 val=0.0017376277828589082
  epoch 96000: train=0.0017544711008667946 val=0.0017376280156895518
  epoch 98000: train=0.0017544711008667946 val=0.001737628597766161
  best val loss: 0.001738
Final RMSE: 34.96373004813448

cam1 cross-medium comparison:
  air_direct           RMSE = 8.878738 px
  water_opencv         RMSE = 3.141679 px
  refractive           RMSE = 34.963730 px
  learned refractive index n = 5.915679 (water ≈ 1.33)
Step 1: Reproject with provided K (zero distortion target)
Step 2: Train distortion model
  epoch 0: train=0.07801850140094757 val=0.07689505070447922
  epoch 2000: train=0.0017363172955811024 val=0.0016840832540765405
  epoch 4000: train=0.0017363172955811024 val=0.0016840832540765405
  epoch 6000: train=0.0017363170627504587 val=0.0016840832540765405
  epoch 8000: train=0.0017363170627504587 val=0.001684082904830575
  epoch 10000: train=0.0017363170627504587 val=0.001684082904830575
  epoch 12000: train=0.0017363170627504587 val=0.0016840832540765405
  epoch 14000: train=0.0017363170627504587 val=0.0016840832540765405
  epoch 16000: train=0.0017363170627504587 val=0.001684082904830575
  epoch 18000: train=0.0017363172955811024 val=0.0016840831376612186
  epoch 20000: train=0.0017363170627504587 val=0.0016840826719999313
  epoch 22000: train=0.0017363170627504587 val=0.001684083603322506
  epoch 24000: train=0.0017363172955811024 val=0.0016840830212458968
  epoch 26000: train=0.0017363172955811024 val=0.0016840830212458968
  epoch 28000: train=0.0017363172955811024 val=0.001684083603322506
  epoch 30000: train=0.0017363170627504587 val=0.0016840851167216897
  epoch 32000: train=0.0017363170627504587 val=0.0016840798780322075
  epoch 34000: train=0.001736322185024619 val=0.0016840430907905102
  epoch 36000: train=0.0017363172955811024 val=0.0016840832540765405
  epoch 38000: train=0.0017363171791657805 val=0.0016840839525684714
  epoch 40000: train=0.0017363171791657805 val=0.0016840833704918623
  epoch 42000: train=0.0017363171791657805 val=0.0016840837197378278
  epoch 44000: train=0.0017363171791657805 val=0.0016840845346450806
  epoch 46000: train=0.0017363170627504587 val=0.001684083603322506
  epoch 48000: train=0.0017363170627504587 val=0.001684083603322506
  epoch 50000: train=0.0017363192746415734 val=0.0016840664902701974
  epoch 52000: train=0.0017363170627504587 val=0.0016840825555846095
  epoch 54000: train=0.0017363172955811024 val=0.0016840830212458968
  epoch 56000: train=0.001736317528411746 val=0.001684105140157044
  epoch 58000: train=0.0017363172955811024 val=0.001684083603322506
  epoch 60000: train=0.0017363174119964242 val=0.0016840724274516106
  epoch 62000: train=0.0017363226506859064 val=0.001684142160229385
  epoch 64000: train=0.0017363171791657805 val=0.001684082904830575
  epoch 66000: train=0.0017363170627504587 val=0.0016840813914313912
  epoch 68000: train=0.001736326958052814 val=0.0016841505421325564
  epoch 70000: train=0.0017363171791657805 val=0.0016840657917782664
  epoch 72000: train=0.0017363171791657805 val=0.0016840893076732755
  epoch 74000: train=0.0017363172955811024 val=0.001684083603322506
  epoch 76000: train=0.0017363171791657805 val=0.0016840794123709202
  epoch 78000: train=0.0017363170627504587 val=0.001684081507846713
  epoch 80000: train=0.0017363172955811024 val=0.0016840834869071841
  epoch 82000: train=0.0017363170627504587 val=0.0016840827884152532
  epoch 84000: train=0.0017363170627504587 val=0.0016840832540765405
  epoch 86000: train=0.0017363170627504587 val=0.0016840798780322075
  epoch 88000: train=0.00173632160294801 val=0.0016841336619108915
  epoch 90000: train=0.0017363172955811024 val=0.0016840773168951273
  epoch 92000: train=0.0017363171791657805 val=0.00168407813180238
  epoch 94000: train=0.0017363170627504587 val=0.001684082904830575
  epoch 96000: train=0.0017363171791657805 val=0.0016840830212458968
  epoch 98000: train=0.0017363171791657805 val=0.001684083603322506
  best val loss: 0.001684
Final RMSE: 31.92730460218627

cam2 cross-medium comparison:
  air_direct           RMSE = 8.266852 px
  water_opencv         RMSE = 1.580026 px
  refractive           RMSE = 31.927305 px
  learned refractive index n = 2.523350 (water ≈ 1.33)