camera0 has 12 points
camera0 has RMSD: 3.8395068325265087
camera0 transformation matrix: [[ 0.80869985  0.52775654 -0.25976449  0.27603971]
 [-0.49753905  0.84928807  0.1765352  -0.35231655]
 [ 0.31378249 -0.01352101  0.94939862 -0.58923079]
 [ 0.          0.          0.          1.        ]]
camera2 has 4 points
camera2 has RMSD: 0.08898575491784395
camera2 transformation matrix: [[ 0.92585934  0.32479468 -0.19311367 -0.20098199]
 [-0.34579483  0.93431873 -0.08645486 -0.00103121]
 [ 0.15234964  0.14682275  0.97736005 -0.06831392]
 [ 0.          0.          0.          1.        ]]
camera0 has 6 points
camera0 has RMSD: 0.030381689423958604
camera0 transformation matrix: [[ 0.99962506  0.02582393 -0.00910312 -0.01775517]
 [-0.02573015  0.99961615  0.01027228  0.38639457]
 [ 0.00936489 -0.0100342   0.9999058   0.05684258]
 [ 0.          0.          0.          1.        ]]
camera2 has 10 points
camera2 has RMSD: 0.0665316570363067
camera2 transformation matrix: [[ 0.99973235  0.02254292  0.00519981  0.00387809]
 [-0.02259933  0.99968347  0.01105622 -0.32987546]
 [-0.00494892 -0.01117077  0.99992536  0.02395968]
 [ 0.          0.          0.          1.        ]]
